../Core/Src/pacman.c:119:6:game_init	32	static
../Core/Src/pacman.c:221:6:game_process	8	static
../Core/Src/pacman.c:289:6:game_draw	8	static
../Core/Src/pacman.c:329:9:is_loss_condition_met	4	static
../Core/Src/pacman.c:340:9:is_win_condition_met	4	static
../Core/Src/pacman.c:344:9:has_pacman_eaten_dot	4	static
../Core/Src/pacman.c:348:6:game_handler	24	static
../Core/Src/pacman.c:379:6:pacman_direction_process	8	static
../Core/Src/pacman.c:400:6:pacman_moving_process	4	static
../Core/Src/pacman.c:432:6:ghost_direction_process	16	static
../Core/Src/pacman.c:509:6:ghost_moving_process	4	static
../Core/Src/pacman.c:616:6:pac_dot_draw	32	static
../Core/Src/pacman.c:627:6:wall_draw	32	static
../Core/Src/pacman.c:635:6:pacman_draw	24	static
../Core/Src/pacman.c:641:6:ghost_draw	24	static
../Core/Src/pacman.c:647:9:isButtonUp	4	static
../Core/Src/pacman.c:656:9:isButtonDown	4	static
../Core/Src/pacman.c:665:9:isButtonLeft	4	static
../Core/Src/pacman.c:674:9:isButtonRight	4	static
