../Core/Src/pacman.c:88:6:game_init	32	static
../Core/Src/pacman.c:135:6:game_process	8	static
../Core/Src/pacman.c:187:6:game_draw	8	static
../Core/Src/pacman.c:206:9:is_loss_condition_met	4	static
../Core/Src/pacman.c:210:9:is_win_condition_met	4	static
../Core/Src/pacman.c:214:9:has_pacman_eaten_dot	4	static
../Core/Src/pacman.c:221:6:game_handler	24	static
../Core/Src/pacman.c:247:6:pacman_direction_process	8	static
../Core/Src/pacman.c:267:6:pacman_moving_process	4	static
../Core/Src/pacman.c:295:6:ghost_direction_process	16	static
../Core/Src/pacman.c:318:6:ghost_moving_process	4	static
../Core/Src/pacman.c:348:6:pac_dot_draw	24	static
../Core/Src/pacman.c:353:6:pacman_draw	24	static
../Core/Src/pacman.c:358:6:ghost_draw	24	static
../Core/Src/pacman.c:363:9:is_button_up	4	static
../Core/Src/pacman.c:372:9:is_button_down	4	static
../Core/Src/pacman.c:381:9:is_button_left	4	static
../Core/Src/pacman.c:390:9:is_button_right	4	static
