Archive member included to satisfy reference by file (symbol)

/Applications/STM32CubeIDE.app/Contents/Eclipse/plugins/com.st.stm32cube.ide.mcu.externaltools.gnu-tools-for-stm32.12.3.rel1.macos64_1.0.100.202403111906/tools/bin/../lib/gcc/arm-none-eabi/12.3.1/../../../../arm-none-eabi/lib/thumb/v7e-m+fp/hard/libc_nano.a(libc_a-exit.o)
                              /Applications/STM32CubeIDE.app/Contents/Eclipse/plugins/com.st.stm32cube.ide.mcu.externaltools.gnu-tools-for-stm32.12.3.rel1.macos64_1.0.100.202403111906/tools/bin/../lib/gcc/arm-none-eabi/12.3.1/../../../../arm-none-eabi/lib/thumb/v7e-m+fp/hard/crt0.o (exit)
/Applications/STM32CubeIDE.app/Contents/Eclipse/plugins/com.st.stm32cube.ide.mcu.externaltools.gnu-tools-for-stm32.12.3.rel1.macos64_1.0.100.202403111906/tools/bin/../lib/gcc/arm-none-eabi/12.3.1/../../../../arm-none-eabi/lib/thumb/v7e-m+fp/hard/libc_nano.a(libc_a-rand.o)
                              ./Core/Src/pacman.o (rand)
/Applications/STM32CubeIDE.app/Contents/Eclipse/plugins/com.st.stm32cube.ide.mcu.externaltools.gnu-tools-for-stm32.12.3.rel1.macos64_1.0.100.202403111906/tools/bin/../lib/gcc/arm-none-eabi/12.3.1/../../../../arm-none-eabi/lib/thumb/v7e-m+fp/hard/libc_nano.a(libc_a-findfp.o)
                              /Applications/STM32CubeIDE.app/Contents/Eclipse/plugins/com.st.stm32cube.ide.mcu.externaltools.gnu-tools-for-stm32.12.3.rel1.macos64_1.0.100.202403111906/tools/bin/../lib/gcc/arm-none-eabi/12.3.1/../../../../arm-none-eabi/lib/thumb/v7e-m+fp/hard/libc_nano.a(libc_a-exit.o) (__stdio_exit_handler)
/Applications/STM32CubeIDE.app/Contents/Eclipse/plugins/com.st.stm32cube.ide.mcu.externaltools.gnu-tools-for-stm32.12.3.rel1.macos64_1.0.100.202403111906/tools/bin/../lib/gcc/arm-none-eabi/12.3.1/../../../../arm-none-eabi/lib/thumb/v7e-m+fp/hard/libc_nano.a(libc_a-fwalk.o)
                              /Applications/STM32CubeIDE.app/Contents/Eclipse/plugins/com.st.stm32cube.ide.mcu.externaltools.gnu-tools-for-stm32.12.3.rel1.macos64_1.0.100.202403111906/tools/bin/../lib/gcc/arm-none-eabi/12.3.1/../../../../arm-none-eabi/lib/thumb/v7e-m+fp/hard/libc_nano.a(libc_a-findfp.o) (_fwalk_sglue)
/Applications/STM32CubeIDE.app/Contents/Eclipse/plugins/com.st.stm32cube.ide.mcu.externaltools.gnu-tools-for-stm32.12.3.rel1.macos64_1.0.100.202403111906/tools/bin/../lib/gcc/arm-none-eabi/12.3.1/../../../../arm-none-eabi/lib/thumb/v7e-m+fp/hard/libc_nano.a(libc_a-memset.o)
                              /Applications/STM32CubeIDE.app/Contents/Eclipse/plugins/com.st.stm32cube.ide.mcu.externaltools.gnu-tools-for-stm32.12.3.rel1.macos64_1.0.100.202403111906/tools/bin/../lib/gcc/arm-none-eabi/12.3.1/../../../../arm-none-eabi/lib/thumb/v7e-m+fp/hard/crt0.o (memset)
/Applications/STM32CubeIDE.app/Contents/Eclipse/plugins/com.st.stm32cube.ide.mcu.externaltools.gnu-tools-for-stm32.12.3.rel1.macos64_1.0.100.202403111906/tools/bin/../lib/gcc/arm-none-eabi/12.3.1/../../../../arm-none-eabi/lib/thumb/v7e-m+fp/hard/libc_nano.a(libc_a-impure.o)
                              /Applications/STM32CubeIDE.app/Contents/Eclipse/plugins/com.st.stm32cube.ide.mcu.externaltools.gnu-tools-for-stm32.12.3.rel1.macos64_1.0.100.202403111906/tools/bin/../lib/gcc/arm-none-eabi/12.3.1/../../../../arm-none-eabi/lib/thumb/v7e-m+fp/hard/libc_nano.a(libc_a-rand.o) (_impure_ptr)
/Applications/STM32CubeIDE.app/Contents/Eclipse/plugins/com.st.stm32cube.ide.mcu.externaltools.gnu-tools-for-stm32.12.3.rel1.macos64_1.0.100.202403111906/tools/bin/../lib/gcc/arm-none-eabi/12.3.1/../../../../arm-none-eabi/lib/thumb/v7e-m+fp/hard/libc_nano.a(libc_a-errno.o)
                              ./Core/Src/syscalls.o (__errno)
/Applications/STM32CubeIDE.app/Contents/Eclipse/plugins/com.st.stm32cube.ide.mcu.externaltools.gnu-tools-for-stm32.12.3.rel1.macos64_1.0.100.202403111906/tools/bin/../lib/gcc/arm-none-eabi/12.3.1/../../../../arm-none-eabi/lib/thumb/v7e-m+fp/hard/libc_nano.a(libc_a-init.o)
                              /Applications/STM32CubeIDE.app/Contents/Eclipse/plugins/com.st.stm32cube.ide.mcu.externaltools.gnu-tools-for-stm32.12.3.rel1.macos64_1.0.100.202403111906/tools/bin/../lib/gcc/arm-none-eabi/12.3.1/../../../../arm-none-eabi/lib/thumb/v7e-m+fp/hard/crt0.o (__libc_init_array)
/Applications/STM32CubeIDE.app/Contents/Eclipse/plugins/com.st.stm32cube.ide.mcu.externaltools.gnu-tools-for-stm32.12.3.rel1.macos64_1.0.100.202403111906/tools/bin/../lib/gcc/arm-none-eabi/12.3.1/../../../../arm-none-eabi/lib/thumb/v7e-m+fp/hard/libc_nano.a(libc_a-lock.o)
                              /Applications/STM32CubeIDE.app/Contents/Eclipse/plugins/com.st.stm32cube.ide.mcu.externaltools.gnu-tools-for-stm32.12.3.rel1.macos64_1.0.100.202403111906/tools/bin/../lib/gcc/arm-none-eabi/12.3.1/../../../../arm-none-eabi/lib/thumb/v7e-m+fp/hard/libc_nano.a(libc_a-findfp.o) (__retarget_lock_init_recursive)
[...]
Memory Configuration

Name             Origin             Length             Attributes
CCMRAM           0x10000000         0x00010000         xrw
RAM              0x20000000         0x00020000         xrw
FLASH            0x08000000         0x00100000         xr
*default*        0x00000000         0xffffffff

Linker script and memory map

LOAD /Applications/STM32CubeIDE.app/Contents/Eclipse/plugins/com.st.stm32cube.ide.mcu.externaltools.gnu-tools-for-stm32.12.3.rel1.macos64_1.0.100.202403111906/tools/bin/../lib/gcc/arm-none-eabi/12.3.1/thumb/v7e-m+fp/hard/crti.o
LOAD /Applications/STM32CubeIDE.app/Contents/Eclipse/plugins/com.st.stm32cube.ide.mcu.externaltools.gnu-tools-for-stm32.12.3.rel1.macos64_1.0.100.202403111906/tools/bin/../lib/gcc/arm-none-eabi/12.3.1/thumb/v7e-m+fp/hard/crtbegin.o
LOAD /Applications/STM32CubeIDE.app/Contents/Eclipse/plugins/com.st.stm32cube.ide.mcu.externaltools.gnu-tools-for-stm32.12.3.rel1.macos64_1.0.100.202403111906/tools/bin/../lib/gcc/arm-none-eabi/12.3.1/../../../../arm-none-eabi/lib/thumb/v7e-m+fp/hard/crt0.o
LOAD ./Core/Src/button.o
LOAD ./Core/Src/fsmc.o
LOAD ./Core/Src/gpio.o
LOAD ./Core/Src/lcd.o
LOAD ./Core/Src/led_7seg.o
LOAD ./Core/Src/main.o
LOAD ./Core/Src/pacman.o
LOAD ./Core/Src/picture.o
LOAD ./Core/Src/software_timer.o
LOAD ./Core/Src/spi.o
LOAD ./Core/Src/stm32f4xx_hal_msp.o
LOAD ./Core/Src/stm32f4xx_it.o
LOAD ./Core/Src/syscalls.o
LOAD ./Core/Src/sysmem.o
LOAD ./Core/Src/system_stm32f4xx.o
LOAD ./Core/Src/tim.o
LOAD ./Core/Startup/startup_stm32f407zetx.o
LOAD ./Drivers/STM32F4xx_HAL_Driver/Src/stm32f4xx_hal.o
LOAD ./Drivers/STM32F4xx_HAL_Driver/Src/stm32f4xx_hal_cortex.o
LOAD ./Drivers/STM32F4xx_HAL_Driver/Src/stm32f4xx_hal_dma.o
LOAD ./Drivers/STM32F4xx_HAL_Driver/Src/stm32f4xx_hal_dma_ex.o
LOAD ./Drivers/STM32F4xx_HAL_Driver/Src/stm32f4xx_hal_exti.o
LOAD ./Drivers/STM32F4xx_HAL_Driver/Src/stm32f4xx_hal_flash.o
LOAD ./Drivers/STM32F4xx_HAL_Driver/Src/stm32f4xx_hal_flash_ex.o
LOAD ./Drivers/STM32F4xx_HAL_Driver/Src/stm32f4xx_hal_flash_ramfunc.o
LOAD ./Drivers/STM32F4xx_HAL_Driver/Src/stm32f4xx_hal_gpio.o
LOAD ./Drivers/STM32F4xx_HAL_Driver/Src/stm32f4xx_hal_pwr.o
LOAD ./Drivers/STM32F4xx_HAL_Driver/Src/stm32f4xx_hal_pwr_ex.o
LOAD ./Drivers/STM32F4xx_HAL_Driver/Src/stm32f4xx_hal_rcc.o
LOAD ./Drivers/STM32F4xx_HAL_Driver/Src/stm32f4xx_hal_rcc_ex.o
LOAD ./Drivers/STM32F4xx_HAL_Driver/Src/stm32f4xx_hal_spi.o
LOAD ./Drivers/STM32F4xx_HAL_Driver/Src/stm32f4xx_hal_sram.o
LOAD ./Drivers/STM32F4xx_HAL_Driver/Src/stm32f4xx_hal_tim.o
LOAD ./Drivers/STM32F4xx_HAL_Driver/Src/stm32f4xx_hal_tim_ex.o
LOAD ./Drivers/STM32F4xx_HAL_Driver/Src/stm32f4xx_ll_fsmc.o
START GROUP
LOAD /Applications/STM32CubeIDE.app/Contents/Eclipse/plugins/com.st.stm32cube.ide.mcu.externaltools.gnu-tools-for-stm32.12.3.rel1.macos64_1.0.100.202403111906/tools/bin/../lib/gcc/arm-none-eabi/12.3.1/../../../../arm-none-eabi/lib/thumb/v7e-m+fp/hard/libc_nano.a
LOAD /Applications/STM32CubeIDE.app/Contents/Eclipse/plugins/com.st.stm32cube.ide.mcu.externaltools.gnu-tools-for-stm32.12.3.rel1.macos64_1.0.100.202403111906/tools/bin/../lib/gcc/arm-none-eabi/12.3.1/../../../../arm-none-eabi/lib/thumb/v7e-m+fp/hard/libm.a
END GROUP
START GROUP
LOAD /Applications/STM32CubeIDE.app/Contents/Eclipse/plugins/com.st.stm32cube.ide.mcu.externaltools.gnu-tools-for-stm32.12.3.rel1.macos64_1.0.100.202403111906/tools/bin/../lib/gcc/arm-none-eabi/12.3.1/thumb/v7e-m+fp/hard/libgcc.a
LOAD /Applications/STM32CubeIDE.app/Contents/Eclipse/plugins/com.st.stm32cube.ide.mcu.externaltools.gnu-tools-for-stm32.12.3.rel1.macos64_1.0.100.202403111906/tools/bin/../lib/gcc/arm-none-eabi/12.3.1/../../../../arm-none-eabi/lib/thumb/v7e-m+fp/hard/libc_nano.a
END GROUP
START GROUP
LOAD /Applications/STM32CubeIDE.app/Contents/Eclipse/plugins/com.st.stm32cube.ide.mcu.externaltools.gnu-tools-for-stm32.12.3.rel1.macos64_1.0.100.202403111906/tools/bin/../lib/gcc/arm-none-eabi/12.3.1/thumb/v7e-m+fp/hard/libgcc.a
LOAD /Applications/STM32CubeIDE.app/Contents/Eclipse/plugins/com.st.stm32cube.ide.mcu.externaltools.gnu-tools-for-stm32.12.3.rel1.macos64_1.0.100.202403111906/tools/bin/../lib/gcc/arm-none-eabi/12.3.1/../../../../arm-none-eabi/lib/thumb/v7e-m+fp/hard/libc_nano.a
LOAD /Applications/STM32CubeIDE.app/Contents/Eclipse/plugins/com.st.stm32cube.ide.mcu.externaltools.gnu-tools-for-stm32.12.3.rel1.macos64_1.0.100.202403111906/tools/bin/../lib/gcc/arm-none-eabi/12.3.1/../../../../arm-none-eabi/lib/thumb/v7e-m+fp/hard/libnosys.a
END GROUP
START GROUP
LOAD /Applications/STM32CubeIDE.app/Contents/Eclipse/plugins/com.st.stm32cube.ide.mcu.externaltools.gnu-tools-for-stm32.12.3.rel1.macos64_1.0.100.202403111906/tools/bin/../lib/gcc/arm-none-eabi/12.3.1/thumb/v7e-m+fp/hard/libgcc.a
LOAD /Applications/STM32CubeIDE.app/Contents/Eclipse/plugins/com.st.stm32cube.ide.mcu.externaltools.gnu-tools-for-stm32.12.3.rel1.macos64_1.0.100.202403111906/tools/bin/../lib/gcc/arm-none-eabi/12.3.1/../../../../arm-none-eabi/lib/thumb/v7e-m+fp/hard/libc_nano.a
LOAD /Applications/STM32CubeIDE.app/Contents/Eclipse/plugins/com.st.stm32cube.ide.mcu.externaltools.gnu-tools-for-stm32.12.3.rel1.macos64_1.0.100.202403111906/tools/bin/../lib/gcc/arm-none-eabi/12.3.1/../../../../arm-none-eabi/lib/thumb/v7e-m+fp/hard/libnosys.a
END GROUP
LOAD /Applications/STM32CubeIDE.app/Contents/Eclipse/plugins/com.st.stm32cube.ide.mcu.externaltools.gnu-tools-for-stm32.12.3.rel1.macos64_1.0.100.202403111906/tools/bin/../lib/gcc/arm-none-eabi/12.3.1/thumb/v7e-m+fp/hard/crtend.o
LOAD /Applications/STM32CubeIDE.app/Contents/Eclipse/plugins/com.st.stm32cube.ide.mcu.externaltools.gnu-tools-for-stm32.12.3.rel1.macos64_1.0.100.202403111906/tools/bin/../lib/gcc/arm-none-eabi/12.3.1/thumb/v7e-m+fp/hard/crtn.o
                0x20020000                        _estack = (ORIGIN (RAM) + LENGTH (RAM))
                0x00000200                        _Min_Heap_Size = 0x200
                0x00000400                        _Min_Stack_Size = 0x400

.isr_vector     0x08000000      0x188
                0x08000000                        . = ALIGN (0x4)
 *(.isr_vector)
 .isr_vector    0x08000000      0x188 ./Core/Startup/startup_stm32f407zetx.o
                0x08000000                g_pfnVectors
                0x08000188                        . = ALIGN (0x4)

.text           0x08000190     0x5cdc
                0x08000190                        . = ALIGN (0x4)
 *(.text)
 .text          0x08000190       0x40 /Applications/STM32CubeIDE.app/Contents/Eclipse/plugins/com.st.stm32cube.ide.mcu.externaltools.gnu-tools-for-stm32.12.3.rel1.macos64_1.0.100.202403111906/tools/bin/../lib/gcc/arm-none-eabi/12.3.1/thumb/v7e-m+fp/hard/crtbegin.o
 .text          0x080001d0       0xa0 /Applications/STM32CubeIDE.app/Contents/Eclipse/plugins/com.st.stm32cube.ide.mcu.externaltools.gnu-tools-for-stm32.12.3.rel1.macos64_1.0.100.202403111906/tools/bin/../lib/gcc/arm-none-eabi/12.3.1/../../../../arm-none-eabi/lib/thumb/v7e-m+fp/hard/libc_nano.a(libc_a-memchr.o)
                0x080001d0                memchr
 .text          0x08000270       0x30 /Applications/STM32CubeIDE.app/Contents/Eclipse/plugins/com.st.stm32cube.ide.mcu.externaltools.gnu-tools-for-stm32.12.3.rel1.macos64_1.0.100.202403111906/tools/bin/../lib/gcc/arm-none-eabi/12.3.1/thumb/v7e-m+fp/hard/libgcc.a(_aeabi_uldivmod.o)
                0x08000270                __aeabi_uldivmod
 .text          0x080002a0      0x2bc /Applications/STM32CubeIDE.app/Contents/Eclipse/plugins/com.st.stm32cube.ide.mcu.externaltools.gnu-tools-for-stm32.12.3.rel1.macos64_1.0.100.202403111906/tools/bin/../lib/gcc/arm-none-eabi/12.3.1/thumb/v7e-m+fp/hard/libgcc.a(_udivmoddi4.o)
                0x080002a0                __udivmoddi4
 .text          0x0800055c        0x4 /Applications/STM32CubeIDE.app/Contents/Eclipse/plugins/com.st.stm32cube.ide.mcu.externaltools.gnu-tools-for-stm32.12.3.rel1.macos64_1.0.100.202403111906/tools/bin/../lib/gcc/arm-none-eabi/12.3.1/thumb/v7e-m+fp/hard/libgcc.a(_dvmd_tls.o)
                0x0800055c                __aeabi_ldiv0
                0x0800055c                __aeabi_idiv0
 *(.text*)
 .text.button_init
                0x08000560       0x18 ./Core/Src/button.o
                0x08000560                button_init
 .text.button_scan
                0x08000578       0xd8 ./Core/Src/button.o
                0x08000578                button_scan
 .text.MX_FSMC_Init
                0x08000650       0xf4 ./Core/Src/fsmc.o
                0x08000650                MX_FSMC_Init
 .text.HAL_FSMC_MspInit
                0x08000744       0x98 ./Core/Src/fsmc.o
 .text.HAL_SRAM_MspInit
                0x080007dc       0x14 ./Core/Src/fsmc.o
                0x080007dc                HAL_SRAM_MspInit
 .text.MX_GPIO_Init
                0x080007f0      0x1f0 ./Core/Src/gpio.o
                0x080007f0                MX_GPIO_Init
 .text.LCD_WR_REG
                0x080009e0       0x20 ./Core/Src/lcd.o
                0x080009e0                LCD_WR_REG
 .text.LCD_WR_DATA
                0x08000a00       0x20 ./Core/Src/lcd.o
 .text.LCD_RD_DATA
                0x08000a20       0x24 ./Core/Src/lcd.o
 .text.lcd_set_address
                0x08000a44       0x98 ./Core/Src/lcd.o
                0x08000a44                lcd_set_address
 .text.lcd_clear
                0x08000adc       0x64 ./Core/Src/lcd.o
                0x08000adc                lcd_clear
 .text.lcd_draw_point
                0x08000b40       0x2e ./Core/Src/lcd.o
                0x08000b40                lcd_draw_point
 .text.lcd_draw_line
                0x08000b6e      0x108 ./Core/Src/lcd.o
                0x08000b6e                lcd_draw_line
 .text.lcd_draw_rectangle
                0x08000c76       0x6e ./Core/Src/lcd.o
                0x08000c76                lcd_draw_rectangle
 .text.lcd_show_char
                0x08000ce4      0x1a0 ./Core/Src/lcd.o
                0x08000ce4                lcd_show_char
 .text.mypow    0x08000e84       0x38 ./Core/Src/lcd.o
 .text.lcd_show_int_num
                0x08000ebc       0xfc ./Core/Src/lcd.o
                0x08000ebc                lcd_show_int_num
 .text.lcd_set_direction
                0x08000fb8       0x48 ./Core/Src/lcd.o
                0x08000fb8                lcd_set_direction
 .text.lcd_init
                0x08001000      0x2c0 ./Core/Src/lcd.o
                0x08001000                lcd_init
 .text._draw_circle_8
                0x080012c0      0x116 ./Core/Src/lcd.o
 .text.lcd_draw_circle
                0x080013d6       0xd8 ./Core/Src/lcd.o
                0x080013d6                lcd_draw_circle
 *fill*         0x080014ae        0x2 
 .text.lcd_show_string
                0x080014b0       0xc8 ./Core/Src/lcd.o
                0x080014b0                lcd_show_string
 .text.led_7seg_init
                0x08001578       0x18 ./Core/Src/led_7seg.o
                0x08001578                led_7seg_init
 .text.led_7seg_display
                0x08001590      0x118 ./Core/Src/led_7seg.o
                0x08001590                led_7seg_display
 .text.led_7seg_set_digit
                0x080016a8       0x48 ./Core/Src/led_7seg.o
                0x080016a8                led_7seg_set_digit
 .text.led_7seg_set_colon
                0x080016f0       0x40 ./Core/Src/led_7seg.o
                0x080016f0                led_7seg_set_colon
 .text.main     0x08001730       0x4c ./Core/Src/main.o
                0x08001730                main
 .text.SystemClock_Config
                0x0800177c       0xd4 ./Core/Src/main.o
                0x0800177c                SystemClock_Config
 .text.init_system
                0x08001850       0x20 ./Core/Src/main.o
                0x08001850                init_system
 .text.Error_Handler
                0x08001870        0xc ./Core/Src/main.o
                0x08001870                Error_Handler
 .text.game_init
                0x0800187c      0x190 ./Core/Src/pacman.o
                0x0800187c                game_init
 .text.game_process
                0x08001a0c      0x180 ./Core/Src/pacman.o
                0x08001a0c                game_process
 .text.game_draw
                0x08001b8c       0xc0 ./Core/Src/pacman.o
                0x08001b8c                game_draw
 .text.is_loss_condition_met
                0x08001c4c       0x38 ./Core/Src/pacman.o
                0x08001c4c                is_loss_condition_met
 .text.is_win_condition_met
                0x08001c84       0x28 ./Core/Src/pacman.o
                0x08001c84                is_win_condition_met
 .text.has_pacman_eaten_dot
                0x08001cac       0x34 ./Core/Src/pacman.o
                0x08001cac                has_pacman_eaten_dot
 .text.game_handler
                0x08001ce0      0x114 ./Core/Src/pacman.o
                0x08001ce0                game_handler
 .text.pacman_direction_process
                0x08001df4       0x54 ./Core/Src/pacman.o
                0x08001df4                pacman_direction_process
 .text.pacman_moving_process
                0x08001e48       0xcc ./Core/Src/pacman.o
                0x08001e48                pacman_moving_process
 .text.ghost_direction_process
                0x08001f14       0x68 ./Core/Src/pacman.o
                0x08001f14                ghost_direction_process
 .text.ghost_moving_process
                0x08001f7c       0xcc ./Core/Src/pacman.o
                0x08001f7c                ghost_moving_process
 .text.pac_dot_draw
                0x08002048       0x46 ./Core/Src/pacman.o
                0x08002048                pac_dot_draw
 .text.pacman_draw
                0x0800208e       0x46 ./Core/Src/pacman.o
                0x0800208e                pacman_draw
 .text.ghost_draw
                0x080020d4       0x46 ./Core/Src/pacman.o
                0x080020d4                ghost_draw
 *fill*         0x0800211a        0x2 
 .text.is_button_up
                0x0800211c       0x20 ./Core/Src/pacman.o
                0x0800211c                is_button_up
 .text.is_button_down
                0x0800213c       0x20 ./Core/Src/pacman.o
                0x0800213c                is_button_down
 .text.is_button_left
                0x0800215c       0x20 ./Core/Src/pacman.o
                0x0800215c                is_button_left
 .text.is_button_right
                0x0800217c       0x20 ./Core/Src/pacman.o
                0x0800217c                is_button_right
 .text.timer2_init
                0x0800219c       0x14 ./Core/Src/software_timer.o
                0x0800219c                timer2_init
 .text.timer4_init
                0x080021b0       0x14 ./Core/Src/software_timer.o
                0x080021b0                timer4_init
 .text.timer2_set
                0x080021c4       0x38 ./Core/Src/software_timer.o
                0x080021c4                timer2_set
 .text.timer4_set
                0x080021fc       0x38 ./Core/Src/software_timer.o
                0x080021fc                timer4_set
 .text.HAL_TIM_PeriodElapsedCallback
                0x08002234       0x98 ./Core/Src/software_timer.o
                0x08002234                HAL_TIM_PeriodElapsedCallback
 .text.MX_SPI1_Init
                0x080022cc       0x6c ./Core/Src/spi.o
                0x080022cc                MX_SPI1_Init
 .text.HAL_SPI_MspInit
                0x08002338       0x90 ./Core/Src/spi.o
                0x08002338                HAL_SPI_MspInit
 .text.HAL_MspInit
                0x080023c8       0x50 ./Core/Src/stm32f4xx_hal_msp.o
                0x080023c8                HAL_MspInit
 .text.NMI_Handler
                0x08002418        0x8 ./Core/Src/stm32f4xx_it.o
                0x08002418                NMI_Handler
 .text.HardFault_Handler
                0x08002420        0x8 ./Core/Src/stm32f4xx_it.o
                0x08002420                HardFault_Handler
 .text.MemManage_Handler
                0x08002428        0x8 ./Core/Src/stm32f4xx_it.o
                0x08002428                MemManage_Handler
 .text.BusFault_Handler
                0x08002430        0x8 ./Core/Src/stm32f4xx_it.o
                0x08002430                BusFault_Handler
 .text.UsageFault_Handler
                0x08002438        0x8 ./Core/Src/stm32f4xx_it.o
                0x08002438                UsageFault_Handler
 .text.SVC_Handler
                0x08002440        0xe ./Core/Src/stm32f4xx_it.o
                0x08002440                SVC_Handler
 .text.DebugMon_Handler
                0x0800244e        0xe ./Core/Src/stm32f4xx_it.o
                0x0800244e                DebugMon_Handler
 .text.PendSV_Handler
                0x0800245c        0xe ./Core/Src/stm32f4xx_it.o
                0x0800245c                PendSV_Handler
 .text.SysTick_Handler
                0x0800246a        0xc ./Core/Src/stm32f4xx_it.o
                0x0800246a                SysTick_Handler
 *fill*         0x08002476        0x2 
 .text.TIM2_IRQHandler
                0x08002478       0x14 ./Core/Src/stm32f4xx_it.o
                0x08002478                TIM2_IRQHandler
 .text.TIM4_IRQHandler
                0x0800248c       0x14 ./Core/Src/stm32f4xx_it.o
                0x0800248c                TIM4_IRQHandler
 .text._getpid  0x080024a0       0x10 ./Core/Src/syscalls.o
                0x080024a0                _getpid
 .text._kill    0x080024b0       0x20 ./Core/Src/syscalls.o
                0x080024b0                _kill
 .text._exit    0x080024d0       0x16 ./Core/Src/syscalls.o
                0x080024d0                _exit
 .text._read    0x080024e6       0x3a ./Core/Src/syscalls.o
                0x080024e6                _read
 .text._write   0x08002520       0x38 ./Core/Src/syscalls.o
                0x08002520                _write
 .text._close   0x08002558       0x18 ./Core/Src/syscalls.o
                0x08002558                _close
 .text._fstat   0x08002570       0x20 ./Core/Src/syscalls.o
                0x08002570                _fstat
 .text._isatty  0x08002590       0x16 ./Core/Src/syscalls.o
                0x08002590                _isatty
 .text._lseek   0x080025a6       0x1a ./Core/Src/syscalls.o
                0x080025a6                _lseek
 .text._sbrk    0x080025c0       0x6c ./Core/Src/sysmem.o
                0x080025c0                _sbrk
 .text.SystemInit
                0x0800262c       0x24 ./Core/Src/system_stm32f4xx.o
                0x0800262c                SystemInit
 .text.MX_TIM2_Init
                0x08002650       0x98 ./Core/Src/tim.o
                0x08002650                MX_TIM2_Init
 .text.MX_TIM4_Init
                0x080026e8       0x9c ./Core/Src/tim.o
                0x080026e8                MX_TIM4_Init
 .text.HAL_TIM_Base_MspInit
                0x08002784       0x88 ./Core/Src/tim.o
                0x08002784                HAL_TIM_Base_MspInit
 .text.Reset_Handler
                0x0800280c       0x50 ./Core/Startup/startup_stm32f407zetx.o
                0x0800280c                Reset_Handler
 .text.Default_Handler
                0x0800285c        0x2 ./Core/Startup/startup_stm32f407zetx.o
                0x0800285c                DMA1_Stream3_IRQHandler
                0x0800285c                HASH_RNG_IRQHandler
                0x0800285c                EXTI2_IRQHandler
                0x0800285c                TIM8_CC_IRQHandler
                0x0800285c                TIM1_CC_IRQHandler
                0x0800285c                DMA2_Stream5_IRQHandler
                0x0800285c                DMA1_Stream5_IRQHandler
                0x0800285c                PVD_IRQHandler
                0x0800285c                SDIO_IRQHandler
                0x0800285c                TAMP_STAMP_IRQHandler
                0x0800285c                CAN2_RX1_IRQHandler
                0x0800285c                EXTI3_IRQHandler
                0x0800285c                TIM8_TRG_COM_TIM14_IRQHandler
                0x0800285c                TIM1_UP_TIM10_IRQHandler
                0x0800285c                TIM8_UP_TIM13_IRQHandler
                0x0800285c                I2C3_ER_IRQHandler
                0x0800285c                EXTI0_IRQHandler
                0x0800285c                I2C2_EV_IRQHandler
                0x0800285c                DMA1_Stream2_IRQHandler
                0x0800285c                CAN1_RX0_IRQHandler
                0x0800285c                FPU_IRQHandler
                0x0800285c                OTG_HS_WKUP_IRQHandler
                0x0800285c                CAN2_SCE_IRQHandler
                0x0800285c                DMA2_Stream2_IRQHandler
                0x0800285c                SPI1_IRQHandler
                0x0800285c                TIM6_DAC_IRQHandler
                0x0800285c                TIM1_BRK_TIM9_IRQHandler
                0x0800285c                DCMI_IRQHandler
                0x0800285c                CAN2_RX0_IRQHandler
                0x0800285c                DMA2_Stream3_IRQHandler
                0x0800285c                USART6_IRQHandler
                0x0800285c                USART3_IRQHandler
                0x0800285c                CAN1_RX1_IRQHandler
                0x0800285c                UART5_IRQHandler
                0x0800285c                DMA2_Stream0_IRQHandler
                0x0800285c                I2C1_EV_IRQHandler
                0x0800285c                DMA1_Stream6_IRQHandler
                0x0800285c                DMA1_Stream1_IRQHandler
                0x0800285c                UART4_IRQHandler
                0x0800285c                TIM3_IRQHandler
                0x0800285c                RCC_IRQHandler
                0x0800285c                TIM8_BRK_TIM12_IRQHandler
                0x0800285c                Default_Handler
                0x0800285c                EXTI15_10_IRQHandler
                0x0800285c                ADC_IRQHandler
                0x0800285c                DMA1_Stream7_IRQHandler
                0x0800285c                TIM7_IRQHandler
                0x0800285c                CAN2_TX_IRQHandler
                0x0800285c                TIM5_IRQHandler
                0x0800285c                DMA2_Stream7_IRQHandler
                0x0800285c                I2C3_EV_IRQHandler
                0x0800285c                EXTI9_5_IRQHandler
                0x0800285c                RTC_WKUP_IRQHandler
                0x0800285c                ETH_WKUP_IRQHandler
                0x0800285c                SPI2_IRQHandler
                0x0800285c                OTG_HS_EP1_IN_IRQHandler
                0x0800285c                DMA1_Stream0_IRQHandler
                0x0800285c                CAN1_TX_IRQHandler
                0x0800285c                EXTI4_IRQHandler
                0x0800285c                FSMC_IRQHandler
                0x0800285c                ETH_IRQHandler
                0x0800285c                OTG_HS_EP1_OUT_IRQHandler
                0x0800285c                WWDG_IRQHandler
                0x0800285c                OTG_FS_WKUP_IRQHandler
                0x0800285c                TIM1_TRG_COM_TIM11_IRQHandler
                0x0800285c                OTG_HS_IRQHandler
                0x0800285c                EXTI1_IRQHandler
                0x0800285c                USART2_IRQHandler
                0x0800285c                I2C2_ER_IRQHandler
                0x0800285c                DMA2_Stream1_IRQHandler
                0x0800285c                CAN1_SCE_IRQHandler
                0x0800285c                FLASH_IRQHandler
                0x0800285c                DMA2_Stream4_IRQHandler
                0x0800285c                USART1_IRQHandler
                0x0800285c                OTG_FS_IRQHandler
                0x0800285c                SPI3_IRQHandler
                0x0800285c                DMA1_Stream4_IRQHandler
                0x0800285c                I2C1_ER_IRQHandler
                0x0800285c                DMA2_Stream6_IRQHandler
                0x0800285c                RTC_Alarm_IRQHandler
 *fill*         0x0800285e        0x2 
 .text.HAL_Init
                0x08002860       0x44 ./Drivers/STM32F4xx_HAL_Driver/Src/stm32f4xx_hal.o
                0x08002860                HAL_Init
 .text.HAL_InitTick
                0x080028a4       0x60 ./Drivers/STM32F4xx_HAL_Driver/Src/stm32f4xx_hal.o
                0x080028a4                HAL_InitTick
 .text.HAL_IncTick
                0x08002904       0x28 ./Drivers/STM32F4xx_HAL_Driver/Src/stm32f4xx_hal.o
                0x08002904                HAL_IncTick
 .text.HAL_GetTick
                0x0800292c       0x18 ./Drivers/STM32F4xx_HAL_Driver/Src/stm32f4xx_hal.o
                0x0800292c                HAL_GetTick
 .text.HAL_Delay
                0x08002944       0x48 ./Drivers/STM32F4xx_HAL_Driver/Src/stm32f4xx_hal.o
                0x08002944                HAL_Delay
 .text.__NVIC_SetPriorityGrouping
                0x0800298c       0x48 ./Drivers/STM32F4xx_HAL_Driver/Src/stm32f4xx_hal_cortex.o
 .text.__NVIC_GetPriorityGrouping
                0x080029d4       0x1c ./Drivers/STM32F4xx_HAL_Driver/Src/stm32f4xx_hal_cortex.o
 .text.__NVIC_EnableIRQ
                0x080029f0       0x3c ./Drivers/STM32F4xx_HAL_Driver/Src/stm32f4xx_hal_cortex.o
 .text.__NVIC_SetPriority
                0x08002a2c       0x54 ./Drivers/STM32F4xx_HAL_Driver/Src/stm32f4xx_hal_cortex.o
 .text.NVIC_EncodePriority
                0x08002a80       0x66 ./Drivers/STM32F4xx_HAL_Driver/Src/stm32f4xx_hal_cortex.o
 *fill*         0x08002ae6        0x2 
 .text.SysTick_Config
                0x08002ae8       0x44 ./Drivers/STM32F4xx_HAL_Driver/Src/stm32f4xx_hal_cortex.o
 .text.HAL_NVIC_SetPriorityGrouping
                0x08002b2c       0x16 ./Drivers/STM32F4xx_HAL_Driver/Src/stm32f4xx_hal_cortex.o
                0x08002b2c                HAL_NVIC_SetPriorityGrouping
 .text.HAL_NVIC_SetPriority
                0x08002b42       0x38 ./Drivers/STM32F4xx_HAL_Driver/Src/stm32f4xx_hal_cortex.o
                0x08002b42                HAL_NVIC_SetPriority
 .text.HAL_NVIC_EnableIRQ
                0x08002b7a       0x1c ./Drivers/STM32F4xx_HAL_Driver/Src/stm32f4xx_hal_cortex.o
                0x08002b7a                HAL_NVIC_EnableIRQ
 .text.HAL_SYSTICK_Config
                0x08002b96       0x18 ./Drivers/STM32F4xx_HAL_Driver/Src/stm32f4xx_hal_cortex.o
                0x08002b96                HAL_SYSTICK_Config
 *fill*         0x08002bae        0x2 
 .text.HAL_GPIO_Init
                0x08002bb0      0x338 ./Drivers/STM32F4xx_HAL_Driver/Src/stm32f4xx_hal_gpio.o
                0x08002bb0                HAL_GPIO_Init
 .text.HAL_GPIO_WritePin
                0x08002ee8       0x32 ./Drivers/STM32F4xx_HAL_Driver/Src/stm32f4xx_hal_gpio.o
                0x08002ee8                HAL_GPIO_WritePin
 .text.HAL_GPIO_TogglePin
                0x08002f1a       0x34 ./Drivers/STM32F4xx_HAL_Driver/Src/stm32f4xx_hal_gpio.o
                0x08002f1a                HAL_GPIO_TogglePin
 *fill*         0x08002f4e        0x2 
 .text.HAL_RCC_OscConfig
                0x08002f50      0x4f0 ./Drivers/STM32F4xx_HAL_Driver/Src/stm32f4xx_hal_rcc.o
                0x08002f50                HAL_RCC_OscConfig
 .text.HAL_RCC_ClockConfig
                0x08003440      0x1cc ./Drivers/STM32F4xx_HAL_Driver/Src/stm32f4xx_hal_rcc.o
                0x08003440                HAL_RCC_ClockConfig
 .text.HAL_RCC_GetSysClockFreq
                0x0800360c      0x20c ./Drivers/STM32F4xx_HAL_Driver/Src/stm32f4xx_hal_rcc.o
                0x0800360c                HAL_RCC_GetSysClockFreq
 .text.HAL_SPI_Init
                0x08003818      0x112 ./Drivers/STM32F4xx_HAL_Driver/Src/stm32f4xx_hal_spi.o
                0x08003818                HAL_SPI_Init
 .text.HAL_SPI_Transmit
                0x0800392a      0x278 ./Drivers/STM32F4xx_HAL_Driver/Src/stm32f4xx_hal_spi.o
                0x0800392a                HAL_SPI_Transmit
 .text.HAL_SPI_Receive
                0x08003ba2      0x222 ./Drivers/STM32F4xx_HAL_Driver/Src/stm32f4xx_hal_spi.o
                0x08003ba2                HAL_SPI_Receive
 .text.HAL_SPI_TransmitReceive
                0x08003dc4      0x344 ./Drivers/STM32F4xx_HAL_Driver/Src/stm32f4xx_hal_spi.o
                0x08003dc4                HAL_SPI_TransmitReceive
 .text.SPI_WaitFlagStateUntilTimeout
                0x08004108      0x110 ./Drivers/STM32F4xx_HAL_Driver/Src/stm32f4xx_hal_spi.o
 .text.SPI_EndRxTransaction
                0x08004218       0xca ./Drivers/STM32F4xx_HAL_Driver/Src/stm32f4xx_hal_spi.o
 *fill*         0x080042e2        0x2 
 .text.SPI_EndRxTxTransaction
                0x080042e4       0x84 ./Drivers/STM32F4xx_HAL_Driver/Src/stm32f4xx_hal_spi.o
 .text.HAL_SRAM_Init
                0x08004368       0x88 ./Drivers/STM32F4xx_HAL_Driver/Src/stm32f4xx_hal_sram.o
                0x08004368                HAL_SRAM_Init
 .text.HAL_TIM_Base_Init
                0x080043f0       0x9e ./Drivers/STM32F4xx_HAL_Driver/Src/stm32f4xx_hal_tim.o
                0x080043f0                HAL_TIM_Base_Init
 *fill*         0x0800448e        0x2 
 .text.HAL_TIM_Base_Start_IT
                0x08004490       0xe0 ./Drivers/STM32F4xx_HAL_Driver/Src/stm32f4xx_hal_tim.o
                0x08004490                HAL_TIM_Base_Start_IT
 .text.HAL_TIM_IRQHandler
                0x08004570      0x210 ./Drivers/STM32F4xx_HAL_Driver/Src/stm32f4xx_hal_tim.o
                0x08004570                HAL_TIM_IRQHandler
 .text.HAL_TIM_ConfigClockSource
                0x08004780      0x18e ./Drivers/STM32F4xx_HAL_Driver/Src/stm32f4xx_hal_tim.o
                0x08004780                HAL_TIM_ConfigClockSource
 .text.HAL_TIM_OC_DelayElapsedCallback
                0x0800490e       0x14 ./Drivers/STM32F4xx_HAL_Driver/Src/stm32f4xx_hal_tim.o
                0x0800490e                HAL_TIM_OC_DelayElapsedCallback
 .text.HAL_TIM_IC_CaptureCallback
                0x08004922       0x14 ./Drivers/STM32F4xx_HAL_Driver/Src/stm32f4xx_hal_tim.o
                0x08004922                HAL_TIM_IC_CaptureCallback
 .text.HAL_TIM_PWM_PulseFinishedCallback
                0x08004936       0x14 ./Drivers/STM32F4xx_HAL_Driver/Src/stm32f4xx_hal_tim.o
                0x08004936                HAL_TIM_PWM_PulseFinishedCallback
 .text.HAL_TIM_TriggerCallback
                0x0800494a       0x14 ./Drivers/STM32F4xx_HAL_Driver/Src/stm32f4xx_hal_tim.o
                0x0800494a                HAL_TIM_TriggerCallback
 *fill*         0x0800495e        0x2 
 .text.TIM_Base_SetConfig
                0x08004960      0x140 ./Drivers/STM32F4xx_HAL_Driver/Src/stm32f4xx_hal_tim.o
                0x08004960                TIM_Base_SetConfig
 .text.TIM_TI1_ConfigInputStage
                0x08004aa0       0x5e ./Drivers/STM32F4xx_HAL_Driver/Src/stm32f4xx_hal_tim.o
 .text.TIM_TI2_ConfigInputStage
                0x08004afe       0x60 ./Drivers/STM32F4xx_HAL_Driver/Src/stm32f4xx_hal_tim.o
 .text.TIM_ITRx_SetConfig
                0x08004b5e       0x36 ./Drivers/STM32F4xx_HAL_Driver/Src/stm32f4xx_hal_tim.o
 .text.TIM_ETR_SetConfig
                0x08004b94       0x40 ./Drivers/STM32F4xx_HAL_Driver/Src/stm32f4xx_hal_tim.o
                0x08004b94                TIM_ETR_SetConfig
 .text.HAL_TIMEx_MasterConfigSynchronization
                0x08004bd4       0xf8 ./Drivers/STM32F4xx_HAL_Driver/Src/stm32f4xx_hal_tim_ex.o
                0x08004bd4                HAL_TIMEx_MasterConfigSynchronization
 .text.HAL_TIMEx_CommutCallback
                0x08004ccc       0x14 ./Drivers/STM32F4xx_HAL_Driver/Src/stm32f4xx_hal_tim_ex.o
                0x08004ccc                HAL_TIMEx_CommutCallback
 .text.HAL_TIMEx_BreakCallback
                0x08004ce0       0x14 ./Drivers/STM32F4xx_HAL_Driver/Src/stm32f4xx_hal_tim_ex.o
                0x08004ce0                HAL_TIMEx_BreakCallback
 .text.FSMC_NORSRAM_Init
                0x08004cf4       0xa4 ./Drivers/STM32F4xx_HAL_Driver/Src/stm32f4xx_ll_fsmc.o
                0x08004cf4                FSMC_NORSRAM_Init
 .text.FSMC_NORSRAM_Timing_Init
                0x08004d98       0x7a ./Drivers/STM32F4xx_HAL_Driver/Src/stm32f4xx_ll_fsmc.o
                0x08004d98                FSMC_NORSRAM_Timing_Init
 *fill*         0x08004e12        0x2 
 .text.FSMC_NORSRAM_Extended_Timing_Init
                0x08004e14       0x80 ./Drivers/STM32F4xx_HAL_Driver/Src/stm32f4xx_ll_fsmc.o
                0x08004e14                FSMC_NORSRAM_Extended_Timing_Init
 .text.rand     0x08004e94       0x7c /Applications/STM32CubeIDE.app/Contents/Eclipse/plugins/com.st.stm32cube.ide.mcu.externaltools.gnu-tools-for-stm32.12.3.rel1.macos64_1.0.100.202403111906/tools/bin/../lib/gcc/arm-none-eabi/12.3.1/../../../../arm-none-eabi/lib/thumb/v7e-m+fp/hard/libc_nano.a(libc_a-rand.o)
                0x08004e94                rand
 .text.std      0x08004f10       0x6c /Applications/STM32CubeIDE.app/Contents/Eclipse/plugins/com.st.stm32cube.ide.mcu.externaltools.gnu-tools-for-stm32.12.3.rel1.macos64_1.0.100.202403111906/tools/bin/../lib/gcc/arm-none-eabi/12.3.1/../../../../arm-none-eabi/lib/thumb/v7e-m+fp/hard/libc_nano.a(libc_a-findfp.o)
 .text.stdio_exit_handler
                0x08004f7c       0x18 /Applications/STM32CubeIDE.app/Contents/Eclipse/plugins/com.st.stm32cube.ide.mcu.externaltools.gnu-tools-for-stm32.12.3.rel1.macos64_1.0.100.202403111906/tools/bin/../lib/gcc/arm-none-eabi/12.3.1/../../../../arm-none-eabi/lib/thumb/v7e-m+fp/hard/libc_nano.a(libc_a-findfp.o)
 .text.cleanup_stdio
                0x08004f94       0x40 /Applications/STM32CubeIDE.app/Contents/Eclipse/plugins/com.st.stm32cube.ide.mcu.externaltools.gnu-tools-for-stm32.12.3.rel1.macos64_1.0.100.202403111906/tools/bin/../lib/gcc/arm-none-eabi/12.3.1/../../../../arm-none-eabi/lib/thumb/v7e-m+fp/hard/libc_nano.a(libc_a-findfp.o)
 .text.global_stdio_init.part.0
                0x08004fd4       0x3c /Applications/STM32CubeIDE.app/Contents/Eclipse/plugins/com.st.stm32cube.ide.mcu.externaltools.gnu-tools-for-stm32.12.3.rel1.macos64_1.0.100.202403111906/tools/bin/../lib/gcc/arm-none-eabi/12.3.1/../../../../arm-none-eabi/lib/thumb/v7e-m+fp/hard/libc_nano.a(libc_a-findfp.o)
 .text.__sfp_lock_acquire
                0x08005010        0xc /Applications/STM32CubeIDE.app/Contents/Eclipse/plugins/com.st.stm32cube.ide.mcu.externaltools.gnu-tools-for-stm32.12.3.rel1.macos64_1.0.100.202403111906/tools/bin/../lib/gcc/arm-none-eabi/12.3.1/../../../../arm-none-eabi/lib/thumb/v7e-m+fp/hard/libc_nano.a(libc_a-findfp.o)
                0x08005010                __sfp_lock_acquire
 .text.__sfp_lock_release
                0x0800501c        0xc /Applications/STM32CubeIDE.app/Contents/Eclipse/plugins/com.st.stm32cube.ide.mcu.externaltools.gnu-tools-for-stm32.12.3.rel1.macos64_1.0.100.202403111906/tools/bin/../lib/gcc/arm-none-eabi/12.3.1/../../../../arm-none-eabi/lib/thumb/v7e-m+fp/hard/libc_nano.a(libc_a-findfp.o)
                0x0800501c                __sfp_lock_release
 .text.__sinit  0x08005028       0x30 /Applications/STM32CubeIDE.app/Contents/Eclipse/plugins/com.st.stm32cube.ide.mcu.externaltools.gnu-tools-for-stm32.12.3.rel1.macos64_1.0.100.202403111906/tools/bin/../lib/gcc/arm-none-eabi/12.3.1/../../../../arm-none-eabi/lib/thumb/v7e-m+fp/hard/libc_nano.a(libc_a-findfp.o)
                0x08005028                __sinit
 .text._fwalk_sglue
                0x08005058       0x3c /Applications/STM32CubeIDE.app/Contents/Eclipse/plugins/com.st.stm32cube.ide.mcu.externaltools.gnu-tools-for-stm32.12.3.rel1.macos64_1.0.100.202403111906/tools/bin/../lib/gcc/arm-none-eabi/12.3.1/../../../../arm-none-eabi/lib/thumb/v7e-m+fp/hard/libc_nano.a(libc_a-fwalk.o)
                0x08005058                _fwalk_sglue
 .text.memset   0x08005094       0x10 /Applications/STM32CubeIDE.app/Contents/Eclipse/plugins/com.st.stm32cube.ide.mcu.externaltools.gnu-tools-for-stm32.12.3.rel1.macos64_1.0.100.202403111906/tools/bin/../lib/gcc/arm-none-eabi/12.3.1/../../../../arm-none-eabi/lib/thumb/v7e-m+fp/hard/libc_nano.a(libc_a-memset.o)
                0x08005094                memset
 .text.__errno  0x080050a4        0xc /Applications/STM32CubeIDE.app/Contents/Eclipse/plugins/com.st.stm32cube.ide.mcu.externaltools.gnu-tools-for-stm32.12.3.rel1.macos64_1.0.100.202403111906/tools/bin/../lib/gcc/arm-none-eabi/12.3.1/../../../../arm-none-eabi/lib/thumb/v7e-m+fp/hard/libc_nano.a(libc_a-errno.o)
                0x080050a4                __errno
 .text.__libc_init_array
                0x080050b0       0x48 /Applications/STM32CubeIDE.app/Contents/Eclipse/plugins/com.st.stm32cube.ide.mcu.externaltools.gnu-tools-for-stm32.12.3.rel1.macos64_1.0.100.202403111906/tools/bin/../lib/gcc/arm-none-eabi/12.3.1/../../../../arm-none-eabi/lib/thumb/v7e-m+fp/hard/libc_nano.a(libc_a-init.o)
                0x080050b0                __libc_init_array
 .text.__retarget_lock_init_recursive
                0x080050f8        0x2 /Applications/STM32CubeIDE.app/Contents/Eclipse/plugins/com.st.stm32cube.ide.mcu.externaltools.gnu-tools-for-stm32.12.3.rel1.macos64_1.0.100.202403111906/tools/bin/../lib/gcc/arm-none-eabi/12.3.1/../../../../arm-none-eabi/lib/thumb/v7e-m+fp/hard/libc_nano.a(libc_a-lock.o)
                0x080050f8                __retarget_lock_init_recursive
 .text.__retarget_lock_acquire_recursive
                0x080050fa        0x2 /Applications/STM32CubeIDE.app/Contents/Eclipse/plugins/com.st.stm32cube.ide.mcu.externaltools.gnu-tools-for-stm32.12.3.rel1.macos64_1.0.100.202403111906/tools/bin/../lib/gcc/arm-none-eabi/12.3.1/../../../../arm-none-eabi/lib/thumb/v7e-m+fp/hard/libc_nano.a(libc_a-lock.o)
                0x080050fa                __retarget_lock_acquire_recursive
 .text.__retarget_lock_release_recursive
                0x080050fc        0x2 /Applications/STM32CubeIDE.app/Contents/Eclipse/plugins/com.st.stm32cube.ide.mcu.externaltools.gnu-tools-for-stm32.12.3.rel1.macos64_1.0.100.202403111906/tools/bin/../lib/gcc/arm-none-eabi/12.3.1/../../../../arm-none-eabi/lib/thumb/v7e-m+fp/hard/libc_nano.a(libc_a-lock.o)
                0x080050fc                __retarget_lock_release_recursive
 *fill*         0x080050fe        0x2 
 .text.__assert_func
                0x08005100       0x3c /Applications/STM32CubeIDE.app/Contents/Eclipse/plugins/com.st.stm32cube.ide.mcu.externaltools.gnu-tools-for-stm32.12.3.rel1.macos64_1.0.100.202403111906/tools/bin/../lib/gcc/arm-none-eabi/12.3.1/../../../../arm-none-eabi/lib/thumb/v7e-m+fp/hard/libc_nano.a(libc_a-assert.o)
                0x08005100                __assert_func
 .text.malloc   0x0800513c       0x10 /Applications/STM32CubeIDE.app/Contents/Eclipse/plugins/com.st.stm32cube.ide.mcu.externaltools.gnu-tools-for-stm32.12.3.rel1.macos64_1.0.100.202403111906/tools/bin/../lib/gcc/arm-none-eabi/12.3.1/../../../../arm-none-eabi/lib/thumb/v7e-m+fp/hard/libc_nano.a(libc_a-malloc.o)
                0x0800513c                malloc
 .text.sbrk_aligned
                0x0800514c       0x44 /Applications/STM32CubeIDE.app/Contents/Eclipse/plugins/com.st.stm32cube.ide.mcu.externaltools.gnu-tools-for-stm32.12.3.rel1.macos64_1.0.100.202403111906/tools/bin/../lib/gcc/arm-none-eabi/12.3.1/../../../../arm-none-eabi/lib/thumb/v7e-m+fp/hard/libc_nano.a(libc_a-mallocr.o)
 .text._malloc_r
                0x08005190      0x100 /Applications/STM32CubeIDE.app/Contents/Eclipse/plugins/com.st.stm32cube.ide.mcu.externaltools.gnu-tools-for-stm32.12.3.rel1.macos64_1.0.100.202403111906/tools/bin/../lib/gcc/arm-none-eabi/12.3.1/../../../../arm-none-eabi/lib/thumb/v7e-m+fp/hard/libc_nano.a(libc_a-mallocr.o)
                0x08005190                _malloc_r
 .text.__sflush_r
                0x08005290      0x108 /Applications/STM32CubeIDE.app/Contents/Eclipse/plugins/com.st.stm32cube.ide.mcu.externaltools.gnu-tools-for-stm32.12.3.rel1.macos64_1.0.100.202403111906/tools/bin/../lib/gcc/arm-none-eabi/12.3.1/../../../../arm-none-eabi/lib/thumb/v7e-m+fp/hard/libc_nano.a(libc_a-fflush.o)
                0x08005290                __sflush_r
 .text._fflush_r
                0x08005398       0x50 /Applications/STM32CubeIDE.app/Contents/Eclipse/plugins/com.st.stm32cube.ide.mcu.externaltools.gnu-tools-for-stm32.12.3.rel1.macos64_1.0.100.202403111906/tools/bin/../lib/gcc/arm-none-eabi/12.3.1/../../../../arm-none-eabi/lib/thumb/v7e-m+fp/hard/libc_nano.a(libc_a-fflush.o)
                0x08005398                _fflush_r
 .text.__malloc_lock
                0x080053e8        0xc /Applications/STM32CubeIDE.app/Contents/Eclipse/plugins/com.st.stm32cube.ide.mcu.externaltools.gnu-tools-for-stm32.12.3.rel1.macos64_1.0.100.202403111906/tools/bin/../lib/gcc/arm-none-eabi/12.3.1/../../../../arm-none-eabi/lib/thumb/v7e-m+fp/hard/libc_nano.a(libc_a-mlock.o)
                0x080053e8                __malloc_lock
 .text.__malloc_unlock
                0x080053f4        0xc /Applications/STM32CubeIDE.app/Contents/Eclipse/plugins/com.st.stm32cube.ide.mcu.externaltools.gnu-tools-for-stm32.12.3.rel1.macos64_1.0.100.202403111906/tools/bin/../lib/gcc/arm-none-eabi/12.3.1/../../../../arm-none-eabi/lib/thumb/v7e-m+fp/hard/libc_nano.a(libc_a-mlock.o)
                0x080053f4                __malloc_unlock
 .text.__sread  0x08005400       0x22 /Applications/STM32CubeIDE.app/Contents/Eclipse/plugins/com.st.stm32cube.ide.mcu.externaltools.gnu-tools-for-stm32.12.3.rel1.macos64_1.0.100.202403111906/tools/bin/../lib/gcc/arm-none-eabi/12.3.1/../../../../arm-none-eabi/lib/thumb/v7e-m+fp/hard/libc_nano.a(libc_a-stdio.o)
                0x08005400                __sread
 .text.__swrite
                0x08005422       0x38 /Applications/STM32CubeIDE.app/Contents/Eclipse/plugins/com.st.stm32cube.ide.mcu.externaltools.gnu-tools-for-stm32.12.3.rel1.macos64_1.0.100.202403111906/tools/bin/../lib/gcc/arm-none-eabi/12.3.1/../../../../arm-none-eabi/lib/thumb/v7e-m+fp/hard/libc_nano.a(libc_a-stdio.o)
                0x08005422                __swrite
 .text.__sseek  0x0800545a       0x24 /Applications/STM32CubeIDE.app/Contents/Eclipse/plugins/com.st.stm32cube.ide.mcu.externaltools.gnu-tools-for-stm32.12.3.rel1.macos64_1.0.100.202403111906/tools/bin/../lib/gcc/arm-none-eabi/12.3.1/../../../../arm-none-eabi/lib/thumb/v7e-m+fp/hard/libc_nano.a(libc_a-stdio.o)
                0x0800545a                __sseek
 .text.__sclose
                0x0800547e        0x8 /Applications/STM32CubeIDE.app/Contents/Eclipse/plugins/com.st.stm32cube.ide.mcu.externaltools.gnu-tools-for-stm32.12.3.rel1.macos64_1.0.100.202403111906/tools/bin/../lib/gcc/arm-none-eabi/12.3.1/../../../../arm-none-eabi/lib/thumb/v7e-m+fp/hard/libc_nano.a(libc_a-stdio.o)
                0x0800547e                __sclose
 *fill*         0x08005486        0x2 
 .text.fprintf  0x08005488       0x24 /Applications/STM32CubeIDE.app/Contents/Eclipse/plugins/com.st.stm32cube.ide.mcu.externaltools.gnu-tools-for-stm32.12.3.rel1.macos64_1.0.100.202403111906/tools/bin/../lib/gcc/arm-none-eabi/12.3.1/../../../../arm-none-eabi/lib/thumb/v7e-m+fp/hard/libc_nano.a(libc_a-fprintf.o)
                0x08005488                fprintf
                0x08005488                fiprintf
 .text._close_r
                0x080054ac       0x20 /Applications/STM32CubeIDE.app/Contents/Eclipse/plugins/com.st.stm32cube.ide.mcu.externaltools.gnu-tools-for-stm32.12.3.rel1.macos64_1.0.100.202403111906/tools/bin/../lib/gcc/arm-none-eabi/12.3.1/../../../../arm-none-eabi/lib/thumb/v7e-m+fp/hard/libc_nano.a(libc_a-closer.o)
                0x080054ac                _close_r
 .text._lseek_r
                0x080054cc       0x24 /Applications/STM32CubeIDE.app/Contents/Eclipse/plugins/com.st.stm32cube.ide.mcu.externaltools.gnu-tools-for-stm32.12.3.rel1.macos64_1.0.100.202403111906/tools/bin/../lib/gcc/arm-none-eabi/12.3.1/../../../../arm-none-eabi/lib/thumb/v7e-m+fp/hard/libc_nano.a(libc_a-lseekr.o)
                0x080054cc                _lseek_r
 .text._read_r  0x080054f0       0x24 /Applications/STM32CubeIDE.app/Contents/Eclipse/plugins/com.st.stm32cube.ide.mcu.externaltools.gnu-tools-for-stm32.12.3.rel1.macos64_1.0.100.202403111906/tools/bin/../lib/gcc/arm-none-eabi/12.3.1/../../../../arm-none-eabi/lib/thumb/v7e-m+fp/hard/libc_nano.a(libc_a-readr.o)
                0x080054f0                _read_r
 .text._sbrk_r  0x08005514       0x20 /Applications/STM32CubeIDE.app/Contents/Eclipse/plugins/com.st.stm32cube.ide.mcu.externaltools.gnu-tools-for-stm32.12.3.rel1.macos64_1.0.100.202403111906/tools/bin/../lib/gcc/arm-none-eabi/12.3.1/../../../../arm-none-eabi/lib/thumb/v7e-m+fp/hard/libc_nano.a(libc_a-sbrkr.o)
                0x08005514                _sbrk_r
 .text._write_r
                0x08005534       0x24 /Applications/STM32CubeIDE.app/Contents/Eclipse/plugins/com.st.stm32cube.ide.mcu.externaltools.gnu-tools-for-stm32.12.3.rel1.macos64_1.0.100.202403111906/tools/bin/../lib/gcc/arm-none-eabi/12.3.1/../../../../arm-none-eabi/lib/thumb/v7e-m+fp/hard/libc_nano.a(libc_a-writer.o)
                0x08005534                _write_r
 .text.abort    0x08005558        0xe /Applications/STM32CubeIDE.app/Contents/Eclipse/plugins/com.st.stm32cube.ide.mcu.externaltools.gnu-tools-for-stm32.12.3.rel1.macos64_1.0.100.202403111906/tools/bin/../lib/gcc/arm-none-eabi/12.3.1/../../../../arm-none-eabi/lib/thumb/v7e-m+fp/hard/libc_nano.a(libc_a-abort.o)
                0x08005558                abort
 *fill*         0x08005566        0x2 
 .text._free_r  0x08005568       0x94 /Applications/STM32CubeIDE.app/Contents/Eclipse/plugins/com.st.stm32cube.ide.mcu.externaltools.gnu-tools-for-stm32.12.3.rel1.macos64_1.0.100.202403111906/tools/bin/../lib/gcc/arm-none-eabi/12.3.1/../../../../arm-none-eabi/lib/thumb/v7e-m+fp/hard/libc_nano.a(libc_a-freer.o)
                0x08005568                _free_r
 .text.__sfputc_r
                0x080055fc       0x2e /Applications/STM32CubeIDE.app/Contents/Eclipse/plugins/com.st.stm32cube.ide.mcu.externaltools.gnu-tools-for-stm32.12.3.rel1.macos64_1.0.100.202403111906/tools/bin/../lib/gcc/arm-none-eabi/12.3.1/../../../../arm-none-eabi/lib/thumb/v7e-m+fp/hard/libc_nano.a(libc_a-nano-vfprintf.o)
 .text.__sfputs_r
                0x0800562a       0x24 /Applications/STM32CubeIDE.app/Contents/Eclipse/plugins/com.st.stm32cube.ide.mcu.externaltools.gnu-tools-for-stm32.12.3.rel1.macos64_1.0.100.202403111906/tools/bin/../lib/gcc/arm-none-eabi/12.3.1/../../../../arm-none-eabi/lib/thumb/v7e-m+fp/hard/libc_nano.a(libc_a-nano-vfprintf.o)
                0x0800562a                __sfputs_r
 *fill*         0x0800564e        0x2 
 .text._vfprintf_r
                0x08005650      0x230 /Applications/STM32CubeIDE.app/Contents/Eclipse/plugins/com.st.stm32cube.ide.mcu.externaltools.gnu-tools-for-stm32.12.3.rel1.macos64_1.0.100.202403111906/tools/bin/../lib/gcc/arm-none-eabi/12.3.1/../../../../arm-none-eabi/lib/thumb/v7e-m+fp/hard/libc_nano.a(libc_a-nano-vfprintf.o)
                0x08005650                _vfiprintf_r
                0x08005650                _vfprintf_r
 .text._printf_common
                0x08005880       0xda /Applications/STM32CubeIDE.app/Contents/Eclipse/plugins/com.st.stm32cube.ide.mcu.externaltools.gnu-tools-for-stm32.12.3.rel1.macos64_1.0.100.202403111906/tools/bin/../lib/gcc/arm-none-eabi/12.3.1/../../../../arm-none-eabi/lib/thumb/v7e-m+fp/hard/libc_nano.a(libc_a-nano-vfprintf_i.o)
                0x08005880                _printf_common
 *fill*         0x0800595a        0x2 
 .text._printf_i
                0x0800595c      0x240 /Applications/STM32CubeIDE.app/Contents/Eclipse/plugins/com.st.stm32cube.ide.mcu.externaltools.gnu-tools-for-stm32.12.3.rel1.macos64_1.0.100.202403111906/tools/bin/../lib/gcc/arm-none-eabi/12.3.1/../../../../arm-none-eabi/lib/thumb/v7e-m+fp/hard/libc_nano.a(libc_a-nano-vfprintf_i.o)
                0x0800595c                _printf_i
 .text.__swbuf_r
                0x08005b9c       0x7c /Applications/STM32CubeIDE.app/Contents/Eclipse/plugins/com.st.stm32cube.ide.mcu.externaltools.gnu-tools-for-stm32.12.3.rel1.macos64_1.0.100.202403111906/tools/bin/../lib/gcc/arm-none-eabi/12.3.1/../../../../arm-none-eabi/lib/thumb/v7e-m+fp/hard/libc_nano.a(libc_a-wbuf.o)
                0x08005b9c                __swbuf_r
 .text.__swsetup_r
                0x08005c18       0xac /Applications/STM32CubeIDE.app/Contents/Eclipse/plugins/com.st.stm32cube.ide.mcu.externaltools.gnu-tools-for-stm32.12.3.rel1.macos64_1.0.100.202403111906/tools/bin/../lib/gcc/arm-none-eabi/12.3.1/../../../../arm-none-eabi/lib/thumb/v7e-m+fp/hard/libc_nano.a(libc_a-wsetup.o)
                0x08005c18                __swsetup_r
 .text.__swhatbuf_r
                0x08005cc4       0x4c /Applications/STM32CubeIDE.app/Contents/Eclipse/plugins/com.st.stm32cube.ide.mcu.externaltools.gnu-tools-for-stm32.12.3.rel1.macos64_1.0.100.202403111906/tools/bin/../lib/gcc/arm-none-eabi/12.3.1/../../../../arm-none-eabi/lib/thumb/v7e-m+fp/hard/libc_nano.a(libc_a-makebuf.o)
                0x08005cc4                __swhatbuf_r
 .text.__smakebuf_r
                0x08005d10       0x78 /Applications/STM32CubeIDE.app/Contents/Eclipse/plugins/com.st.stm32cube.ide.mcu.externaltools.gnu-tools-for-stm32.12.3.rel1.macos64_1.0.100.202403111906/tools/bin/../lib/gcc/arm-none-eabi/12.3.1/../../../../arm-none-eabi/lib/thumb/v7e-m+fp/hard/libc_nano.a(libc_a-makebuf.o)
                0x08005d10                __smakebuf_r
 .text._fstat_r
                0x08005d88       0x24 /Applications/STM32CubeIDE.app/Contents/Eclipse/plugins/com.st.stm32cube.ide.mcu.externaltools.gnu-tools-for-stm32.12.3.rel1.macos64_1.0.100.202403111906/tools/bin/../lib/gcc/arm-none-eabi/12.3.1/../../../../arm-none-eabi/lib/thumb/v7e-m+fp/hard/libc_nano.a(libc_a-fstatr.o)
                0x08005d88                _fstat_r
 .text._isatty_r
                0x08005dac       0x20 /Applications/STM32CubeIDE.app/Contents/Eclipse/plugins/com.st.stm32cube.ide.mcu.externaltools.gnu-tools-for-stm32.12.3.rel1.macos64_1.0.100.202403111906/tools/bin/../lib/gcc/arm-none-eabi/12.3.1/../../../../arm-none-eabi/lib/thumb/v7e-m+fp/hard/libc_nano.a(libc_a-isattyr.o)
                0x08005dac                _isatty_r
 .text._raise_r
                0x08005dcc       0x50 /Applications/STM32CubeIDE.app/Contents/Eclipse/plugins/com.st.stm32cube.ide.mcu.externaltools.gnu-tools-for-stm32.12.3.rel1.macos64_1.0.100.202403111906/tools/bin/../lib/gcc/arm-none-eabi/12.3.1/../../../../arm-none-eabi/lib/thumb/v7e-m+fp/hard/libc_nano.a(libc_a-signal.o)
                0x08005dcc                _raise_r
 .text.raise    0x08005e1c       0x10 /Applications/STM32CubeIDE.app/Contents/Eclipse/plugins/com.st.stm32cube.ide.mcu.externaltools.gnu-tools-for-stm32.12.3.rel1.macos64_1.0.100.202403111906/tools/bin/../lib/gcc/arm-none-eabi/12.3.1/../../../../arm-none-eabi/lib/thumb/v7e-m+fp/hard/libc_nano.a(libc_a-signal.o)
                0x08005e1c                raise
 .text._kill_r  0x08005e2c       0x24 /Applications/STM32CubeIDE.app/Contents/Eclipse/plugins/com.st.stm32cube.ide.mcu.externaltools.gnu-tools-for-stm32.12.3.rel1.macos64_1.0.100.202403111906/tools/bin/../lib/gcc/arm-none-eabi/12.3.1/../../../../arm-none-eabi/lib/thumb/v7e-m+fp/hard/libc_nano.a(libc_a-signalr.o)
                0x08005e2c                _kill_r
 .text._getpid_r
                0x08005e50        0x4 /Applications/STM32CubeIDE.app/Contents/Eclipse/plugins/com.st.stm32cube.ide.mcu.externaltools.gnu-tools-for-stm32.12.3.rel1.macos64_1.0.100.202403111906/tools/bin/../lib/gcc/arm-none-eabi/12.3.1/../../../../arm-none-eabi/lib/thumb/v7e-m+fp/hard/libc_nano.a(libc_a-signalr.o)
                0x08005e50                _getpid_r
 *(.glue_7)
 .glue_7        0x08005e54        0x0 linker stubs
 *(.glue_7t)
 .glue_7t       0x08005e54        0x0 linker stubs
 *(.eh_frame)
 .eh_frame      0x08005e54        0x0 /Applications/STM32CubeIDE.app/Contents/Eclipse/plugins/com.st.stm32cube.ide.mcu.externaltools.gnu-tools-for-stm32.12.3.rel1.macos64_1.0.100.202403111906/tools/bin/../lib/gcc/arm-none-eabi/12.3.1/thumb/v7e-m+fp/hard/crtbegin.o
 *(.init)
 .init          0x08005e54        0x4 /Applications/STM32CubeIDE.app/Contents/Eclipse/plugins/com.st.stm32cube.ide.mcu.externaltools.gnu-tools-for-stm32.12.3.rel1.macos64_1.0.100.202403111906/tools/bin/../lib/gcc/arm-none-eabi/12.3.1/thumb/v7e-m+fp/hard/crti.o
                0x08005e54                _init
 .init          0x08005e58        0x8 /Applications/STM32CubeIDE.app/Contents/Eclipse/plugins/com.st.stm32cube.ide.mcu.externaltools.gnu-tools-for-stm32.12.3.rel1.macos64_1.0.100.202403111906/tools/bin/../lib/gcc/arm-none-eabi/12.3.1/thumb/v7e-m+fp/hard/crtn.o
 *(.fini)
 .fini          0x08005e60        0x4 /Applications/STM32CubeIDE.app/Contents/Eclipse/plugins/com.st.stm32cube.ide.mcu.externaltools.gnu-tools-for-stm32.12.3.rel1.macos64_1.0.100.202403111906/tools/bin/../lib/gcc/arm-none-eabi/12.3.1/thumb/v7e-m+fp/hard/crti.o
                0x08005e60                _fini
 .fini          0x08005e64        0x8 /Applications/STM32CubeIDE.app/Contents/Eclipse/plugins/com.st.stm32cube.ide.mcu.externaltools.gnu-tools-for-stm32.12.3.rel1.macos64_1.0.100.202403111906/tools/bin/../lib/gcc/arm-none-eabi/12.3.1/thumb/v7e-m+fp/hard/crtn.o
                0x08005e6c                        . = ALIGN (0x4)
                0x08005e6c                        _etext = .

.vfp11_veneer   0x08005e6c        0x0
 .vfp11_veneer  0x08005e6c        0x0 linker stubs

.v4_bx          0x08005e6c        0x0
 .v4_bx         0x08005e6c        0x0 linker stubs

.iplt           0x08005e6c        0x0
 .iplt          0x08005e6c        0x0 /Applications/STM32CubeIDE.app/Contents/Eclipse/plugins/com.st.stm32cube.ide.mcu.externaltools.gnu-tools-for-stm32.12.3.rel1.macos64_1.0.100.202403111906/tools/bin/../lib/gcc/arm-none-eabi/12.3.1/thumb/v7e-m+fp/hard/crtbegin.o

.rodata         0x08005e6c     0x3094
                0x08005e6c                        . = ALIGN (0x4)
 *(.rodata)
 .rodata        0x08005e6c       0x24 ./Core/Src/pacman.o
 *(.rodata*)
 .rodata.ascii_1608
                0x08005e90      0x5f0 ./Core/Src/lcd.o
                0x08005e90                ascii_1608
 .rodata.ascii_2412
                0x08006480     0x11d0 ./Core/Src/lcd.o
                0x08006480                ascii_2412
 .rodata.ascii_3216
                0x08007650     0x17c0 ./Core/Src/lcd.o
                0x08007650                ascii_3216
 .rodata.AHBPrescTable
                0x08008e10       0x10 ./Core/Src/system_stm32f4xx.o
                0x08008e10                AHBPrescTable
 .rodata.srand.str1.1
                0x08008e20       0x6f /Applications/STM32CubeIDE.app/Contents/Eclipse/plugins/com.st.stm32cube.ide.mcu.externaltools.gnu-tools-for-stm32.12.3.rel1.macos64_1.0.100.202403111906/tools/bin/../lib/gcc/arm-none-eabi/12.3.1/../../../../arm-none-eabi/lib/thumb/v7e-m+fp/hard/libc_nano.a(libc_a-rand.o)
 .rodata.__assert_func.str1.1
                0x08008e8f       0x3c /Applications/STM32CubeIDE.app/Contents/Eclipse/plugins/com.st.stm32cube.ide.mcu.externaltools.gnu-tools-for-stm32.12.3.rel1.macos64_1.0.100.202403111906/tools/bin/../lib/gcc/arm-none-eabi/12.3.1/../../../../arm-none-eabi/lib/thumb/v7e-m+fp/hard/libc_nano.a(libc_a-assert.o)
                                 0x3d (size before relaxing)
 .rodata._vfprintf_r.str1.1
                0x08008ecb       0x11 /Applications/STM32CubeIDE.app/Contents/Eclipse/plugins/com.st.stm32cube.ide.mcu.externaltools.gnu-tools-for-stm32.12.3.rel1.macos64_1.0.100.202403111906/tools/bin/../lib/gcc/arm-none-eabi/12.3.1/../../../../arm-none-eabi/lib/thumb/v7e-m+fp/hard/libc_nano.a(libc_a-nano-vfprintf.o)
 .rodata._printf_i.str1.1
                0x08008edc       0x22 /Applications/STM32CubeIDE.app/Contents/Eclipse/plugins/com.st.stm32cube.ide.mcu.externaltools.gnu-tools-for-stm32.12.3.rel1.macos64_1.0.100.202403111906/tools/bin/../lib/gcc/arm-none-eabi/12.3.1/../../../../arm-none-eabi/lib/thumb/v7e-m+fp/hard/libc_nano.a(libc_a-nano-vfprintf_i.o)
                0x08008f00                        . = ALIGN (0x4)
 *fill*         0x08008efe        0x2 

.ARM.extab      0x08008f00        0x0
                0x08008f00                        . = ALIGN (0x4)
 *(.ARM.extab* .gnu.linkonce.armextab.*)
                0x08008f00                        . = ALIGN (0x4)

.ARM            0x08008f00        0x8
                0x08008f00                        . = ALIGN (0x4)
                0x08008f00                        __exidx_start = .
 *(.ARM.exidx*)
 .ARM.exidx     0x08008f00        0x8 /Applications/STM32CubeIDE.app/Contents/Eclipse/plugins/com.st.stm32cube.ide.mcu.externaltools.gnu-tools-for-stm32.12.3.rel1.macos64_1.0.100.202403111906/tools/bin/../lib/gcc/arm-none-eabi/12.3.1/../../../../arm-none-eabi/lib/thumb/v7e-m+fp/hard/libc_nano.a(libc_a-memchr.o)
 .ARM.exidx     0x08008f08        0x0 /Applications/STM32CubeIDE.app/Contents/Eclipse/plugins/com.st.stm32cube.ide.mcu.externaltools.gnu-tools-for-stm32.12.3.rel1.macos64_1.0.100.202403111906/tools/bin/../lib/gcc/arm-none-eabi/12.3.1/thumb/v7e-m+fp/hard/libgcc.a(_udivmoddi4.o)
                                  0x8 (size before relaxing)
                0x08008f08                        __exidx_end = .
                0x08008f08                        . = ALIGN (0x4)

.preinit_array  0x08008f08        0x0
                0x08008f08                        . = ALIGN (0x4)
                0x08008f08                        PROVIDE (__preinit_array_start = .)
 *(.preinit_array*)
                0x08008f08                        PROVIDE (__preinit_array_end = .)
                0x08008f08                        . = ALIGN (0x4)

.init_array     0x08008f08        0x4
                0x08008f08                        . = ALIGN (0x4)
                0x08008f08                        PROVIDE (__init_array_start = .)
 *(SORT_BY_NAME(.init_array.*))
 *(.init_array*)
 .init_array    0x08008f08        0x4 /Applications/STM32CubeIDE.app/Contents/Eclipse/plugins/com.st.stm32cube.ide.mcu.externaltools.gnu-tools-for-stm32.12.3.rel1.macos64_1.0.100.202403111906/tools/bin/../lib/gcc/arm-none-eabi/12.3.1/thumb/v7e-m+fp/hard/crtbegin.o
                0x08008f0c                        PROVIDE (__init_array_end = .)
                0x08008f0c                        . = ALIGN (0x4)

.fini_array     0x08008f0c        0x4
                0x08008f0c                        . = ALIGN (0x4)
                [!provide]                        PROVIDE (__fini_array_start = .)
 *(SORT_BY_NAME(.fini_array.*))
 *(.fini_array*)
 .fini_array    0x08008f0c        0x4 /Applications/STM32CubeIDE.app/Contents/Eclipse/plugins/com.st.stm32cube.ide.mcu.externaltools.gnu-tools-for-stm32.12.3.rel1.macos64_1.0.100.202403111906/tools/bin/../lib/gcc/arm-none-eabi/12.3.1/thumb/v7e-m+fp/hard/crtbegin.o
                [!provide]                        PROVIDE (__fini_array_end = .)
                0x08008f10                        . = ALIGN (0x4)
                0x08008f10                        _sidata = LOADADDR (.data)

.rel.dyn        0x08008f10        0x0
 .rel.iplt      0x08008f10        0x0 /Applications/STM32CubeIDE.app/Contents/Eclipse/plugins/com.st.stm32cube.ide.mcu.externaltools.gnu-tools-for-stm32.12.3.rel1.macos64_1.0.100.202403111906/tools/bin/../lib/gcc/arm-none-eabi/12.3.1/thumb/v7e-m+fp/hard/crtbegin.o

.data           0x20000000       0x7c load address 0x08008f10
                0x20000000                        . = ALIGN (0x4)
                0x20000000                        _sdata = .
 *(.data)
 *(.data*)
 .data.led_7seg
                0x20000000        0x4 ./Core/Src/led_7seg.o
 .data.led_7seg_map_of_output
                0x20000004        0xa ./Core/Src/led_7seg.o
 .data.spi_buffer
                0x2000000e        0x2 ./Core/Src/led_7seg.o
 .data.TOTAL_SCORE
                0x20000010        0x4 ./Core/Src/pacman.o
                0x20000010                TOTAL_SCORE
 .data.SystemCoreClock
                0x20000014        0x4 ./Core/Src/system_stm32f4xx.o
                0x20000014                SystemCoreClock
 .data.uwTickPrio
                0x20000018        0x4 ./Drivers/STM32F4xx_HAL_Driver/Src/stm32f4xx_hal.o
                0x20000018                uwTickPrio
 .data.uwTickFreq
                0x2000001c        0x1 ./Drivers/STM32F4xx_HAL_Driver/Src/stm32f4xx_hal.o
                0x2000001c                uwTickFreq
 *fill*         0x2000001d        0x3 
 .data.__sglue  0x20000020        0xc /Applications/STM32CubeIDE.app/Contents/Eclipse/plugins/com.st.stm32cube.ide.mcu.externaltools.gnu-tools-for-stm32.12.3.rel1.macos64_1.0.100.202403111906/tools/bin/../lib/gcc/arm-none-eabi/12.3.1/../../../../arm-none-eabi/lib/thumb/v7e-m+fp/hard/libc_nano.a(libc_a-findfp.o)
                0x20000020                __sglue
 .data._impure_ptr
                0x2000002c        0x4 /Applications/STM32CubeIDE.app/Contents/Eclipse/plugins/com.st.stm32cube.ide.mcu.externaltools.gnu-tools-for-stm32.12.3.rel1.macos64_1.0.100.202403111906/tools/bin/../lib/gcc/arm-none-eabi/12.3.1/../../../../arm-none-eabi/lib/thumb/v7e-m+fp/hard/libc_nano.a(libc_a-impure.o)
                0x2000002c                _impure_ptr
 .data._impure_data
                0x20000030       0x4c /Applications/STM32CubeIDE.app/Contents/Eclipse/plugins/com.st.stm32cube.ide.mcu.externaltools.gnu-tools-for-stm32.12.3.rel1.macos64_1.0.100.202403111906/tools/bin/../lib/gcc/arm-none-eabi/12.3.1/../../../../arm-none-eabi/lib/thumb/v7e-m+fp/hard/libc_nano.a(libc_a-impure.o)
                0x20000030                _impure_data
 *(.RamFunc)
 *(.RamFunc*)
                0x2000007c                        . = ALIGN (0x4)
                0x2000007c                        _edata = .
                0x08008f8c                        _siccmram = LOADADDR (.ccmram)

.igot.plt       0x2000007c        0x0 load address 0x08008f8c
 .igot.plt      0x2000007c        0x0 /Applications/STM32CubeIDE.app/Contents/Eclipse/plugins/com.st.stm32cube.ide.mcu.externaltools.gnu-tools-for-stm32.12.3.rel1.macos64_1.0.100.202403111906/tools/bin/../lib/gcc/arm-none-eabi/12.3.1/thumb/v7e-m+fp/hard/crtbegin.o

.ccmram         0x10000000        0x0 load address 0x08008f8c
                0x10000000                        . = ALIGN (0x4)
                0x10000000                        _sccmram = .
 *(.ccmram)
 *(.ccmram*)
                0x10000000                        . = ALIGN (0x4)
                0x10000000                        _eccmram = .
                0x10000000                        . = ALIGN (0x4)

.bss            0x2000007c      0x35c
                0x2000007c                        _sbss = .
                0x2000007c                        __bss_start__ = _sbss
 *(.bss)
 .bss           0x2000007c       0x1c /Applications/STM32CubeIDE.app/Contents/Eclipse/plugins/com.st.stm32cube.ide.mcu.externaltools.gnu-tools-for-stm32.12.3.rel1.macos64_1.0.100.202403111906/tools/bin/../lib/gcc/arm-none-eabi/12.3.1/thumb/v7e-m+fp/hard/crtbegin.o
 *(.bss*)
 .bss.button_count
                0x20000098       0x20 ./Core/Src/button.o
                0x20000098                button_count
 .bss.button_spi_buffer
                0x200000b8        0x2 ./Core/Src/button.o
 *fill*         0x200000ba        0x2 
 .bss.hsram1    0x200000bc       0x50 ./Core/Src/fsmc.o
                0x200000bc                hsram1
 .bss.FSMC_Initialized
                0x2000010c        0x4 ./Core/Src/fsmc.o
 .bss.lcddev    0x20000110        0x6 ./Core/Src/lcd.o
                0x20000110                lcddev
 .bss.led_7seg_index
                0x20000116        0x2 ./Core/Src/led_7seg.o
 .bss.pacman    0x20000118        0xc ./Core/Src/pacman.o
                0x20000118                pacman
 .bss.ghost     0x20000124        0x5 ./Core/Src/pacman.o
                0x20000124                ghost
 *fill*         0x20000129        0x3 
 .bss.maze      0x2000012c       0x64 ./Core/Src/pacman.o
                0x2000012c                maze
 .bss.counter_game.0
                0x20000190        0x1 ./Core/Src/pacman.o
 .bss.timer2_flag
                0x20000191        0x1 ./Core/Src/software_timer.o
                0x20000191                timer2_flag
 .bss.timer2_counter
                0x20000192        0x2 ./Core/Src/software_timer.o
                0x20000192                timer2_counter
 .bss.timer2_mul
                0x20000194        0x2 ./Core/Src/software_timer.o
                0x20000194                timer2_mul
 .bss.timer4_flag
                0x20000196        0x1 ./Core/Src/software_timer.o
                0x20000196                timer4_flag
 *fill*         0x20000197        0x1 
 .bss.timer4_counter
                0x20000198        0x2 ./Core/Src/software_timer.o
                0x20000198                timer4_counter
 .bss.timer4_mul
                0x2000019a        0x2 ./Core/Src/software_timer.o
                0x2000019a                timer4_mul
 .bss.hspi1     0x2000019c       0x58 ./Core/Src/spi.o
                0x2000019c                hspi1
 .bss.__sbrk_heap_end
                0x200001f4        0x4 ./Core/Src/sysmem.o
 .bss.htim2     0x200001f8       0x48 ./Core/Src/tim.o
                0x200001f8                htim2
 .bss.htim4     0x20000240       0x48 ./Core/Src/tim.o
                0x20000240                htim4
 .bss.uwTick    0x20000288        0x4 ./Drivers/STM32F4xx_HAL_Driver/Src/stm32f4xx_hal.o
                0x20000288                uwTick
 .bss.__sf      0x2000028c      0x138 /Applications/STM32CubeIDE.app/Contents/Eclipse/plugins/com.st.stm32cube.ide.mcu.externaltools.gnu-tools-for-stm32.12.3.rel1.macos64_1.0.100.202403111906/tools/bin/../lib/gcc/arm-none-eabi/12.3.1/../../../../arm-none-eabi/lib/thumb/v7e-m+fp/hard/libc_nano.a(libc_a-findfp.o)
                0x2000028c                __sf
 .bss.__stdio_exit_handler
                0x200003c4        0x4 /Applications/STM32CubeIDE.app/Contents/Eclipse/plugins/com.st.stm32cube.ide.mcu.externaltools.gnu-tools-for-stm32.12.3.rel1.macos64_1.0.100.202403111906/tools/bin/../lib/gcc/arm-none-eabi/12.3.1/../../../../arm-none-eabi/lib/thumb/v7e-m+fp/hard/libc_nano.a(libc_a-findfp.o)
                0x200003c4                __stdio_exit_handler
 .bss.__lock___malloc_recursive_mutex
                0x200003c8        0x1 /Applications/STM32CubeIDE.app/Contents/Eclipse/plugins/com.st.stm32cube.ide.mcu.externaltools.gnu-tools-for-stm32.12.3.rel1.macos64_1.0.100.202403111906/tools/bin/../lib/gcc/arm-none-eabi/12.3.1/../../../../arm-none-eabi/lib/thumb/v7e-m+fp/hard/libc_nano.a(libc_a-lock.o)
                0x200003c8                __lock___malloc_recursive_mutex
 .bss.__lock___sfp_recursive_mutex
                0x200003c9        0x1 /Applications/STM32CubeIDE.app/Contents/Eclipse/plugins/com.st.stm32cube.ide.mcu.externaltools.gnu-tools-for-stm32.12.3.rel1.macos64_1.0.100.202403111906/tools/bin/../lib/gcc/arm-none-eabi/12.3.1/../../../../arm-none-eabi/lib/thumb/v7e-m+fp/hard/libc_nano.a(libc_a-lock.o)
                0x200003c9                __lock___sfp_recursive_mutex
 *fill*         0x200003ca        0x2 
 .bss.__malloc_sbrk_start
                0x200003cc        0x4 /Applications/STM32CubeIDE.app/Contents/Eclipse/plugins/com.st.stm32cube.ide.mcu.externaltools.gnu-tools-for-stm32.12.3.rel1.macos64_1.0.100.202403111906/tools/bin/../lib/gcc/arm-none-eabi/12.3.1/../../../../arm-none-eabi/lib/thumb/v7e-m+fp/hard/libc_nano.a(libc_a-mallocr.o)
                0x200003cc                __malloc_sbrk_start
 .bss.__malloc_free_list
                0x200003d0        0x4 /Applications/STM32CubeIDE.app/Contents/Eclipse/plugins/com.st.stm32cube.ide.mcu.externaltools.gnu-tools-for-stm32.12.3.rel1.macos64_1.0.100.202403111906/tools/bin/../lib/gcc/arm-none-eabi/12.3.1/../../../../arm-none-eabi/lib/thumb/v7e-m+fp/hard/libc_nano.a(libc_a-mallocr.o)
                0x200003d0                __malloc_free_list
 .bss.errno     0x200003d4        0x4 /Applications/STM32CubeIDE.app/Contents/Eclipse/plugins/com.st.stm32cube.ide.mcu.externaltools.gnu-tools-for-stm32.12.3.rel1.macos64_1.0.100.202403111906/tools/bin/../lib/gcc/arm-none-eabi/12.3.1/../../../../arm-none-eabi/lib/thumb/v7e-m+fp/hard/libc_nano.a(libc_a-reent.o)
                0x200003d4                errno
 *(COMMON)
                0x200003d8                        . = ALIGN (0x4)
                0x200003d8                        _ebss = .
                0x200003d8                        __bss_end__ = _ebss

._user_heap_stack
                0x200003d8      0x600
                0x200003d8                        . = ALIGN (0x8)
                [!provide]                        PROVIDE (end = .)
                0x200003d8                        PROVIDE (_end = .)
                0x200005d8                        . = (. + _Min_Heap_Size)
 *fill*         0x200003d8      0x200 
                0x200009d8                        . = (. + _Min_Stack_Size)
 *fill*         0x200005d8      0x400 
                0x200009d8                        . = ALIGN (0x8)

/DISCARD/
 libc.a(*)
 libm.a(*)
 libgcc.a(*)

.ARM.attributes
                0x00000000       0x30
 *(.ARM.attributes)
 .ARM.attributes
                0x00000000       0x22 /Applications/STM32CubeIDE.app/Contents/Eclipse/plugins/com.st.stm32cube.ide.mcu.externaltools.gnu-tools-for-stm32.12.3.rel1.macos64_1.0.100.202403111906/tools/bin/../lib/gcc/arm-none-eabi/12.3.1/thumb/v7e-m+fp/hard/crti.o
 .ARM.attributes
                0x00000022       0x34 /Applications/STM32CubeIDE.app/Contents/Eclipse/plugins/com.st.stm32cube.ide.mcu.externaltools.gnu-tools-for-stm32.12.3.rel1.macos64_1.0.100.202403111906/tools/bin/../lib/gcc/arm-none-eabi/12.3.1/thumb/v7e-m+fp/hard/crtbegin.o
 .ARM.attributes
                0x00000056       0x34 ./Core/Src/button.o
 .ARM.attributes
                0x0000008a       0x34 ./Core/Src/fsmc.o
 .ARM.attributes
                0x000000be       0x34 ./Core/Src/gpio.o
 .ARM.attributes
                0x000000f2       0x34 ./Core/Src/lcd.o
 .ARM.attributes
                0x00000126       0x34 ./Core/Src/led_7seg.o
 .ARM.attributes
                0x0000015a       0x34 ./Core/Src/main.o
 .ARM.attributes
                0x0000018e       0x34 ./Core/Src/pacman.o
 .ARM.attributes
                0x000001c2       0x34 ./Core/Src/software_timer.o
 .ARM.attributes
                0x000001f6       0x34 ./Core/Src/spi.o
 .ARM.attributes
                0x0000022a       0x34 ./Core/Src/stm32f4xx_hal_msp.o
 .ARM.attributes
                0x0000025e       0x34 ./Core/Src/stm32f4xx_it.o
 .ARM.attributes
                0x00000292       0x34 ./Core/Src/syscalls.o
 .ARM.attributes
                0x000002c6       0x34 ./Core/Src/sysmem.o
 .ARM.attributes
                0x000002fa       0x34 ./Core/Src/system_stm32f4xx.o
 .ARM.attributes
                0x0000032e       0x34 ./Core/Src/tim.o
 .ARM.attributes
                0x00000362       0x21 ./Core/Startup/startup_stm32f407zetx.o
 .ARM.attributes
                0x00000383       0x34 ./Drivers/STM32F4xx_HAL_Driver/Src/stm32f4xx_hal.o
 .ARM.attributes
                0x000003b7       0x34 ./Drivers/STM32F4xx_HAL_Driver/Src/stm32f4xx_hal_cortex.o
 .ARM.attributes
                0x000003eb       0x34 ./Drivers/STM32F4xx_HAL_Driver/Src/stm32f4xx_hal_gpio.o
 .ARM.attributes
                0x0000041f       0x34 ./Drivers/STM32F4xx_HAL_Driver/Src/stm32f4xx_hal_rcc.o
 .ARM.attributes
                0x00000453       0x34 ./Drivers/STM32F4xx_HAL_Driver/Src/stm32f4xx_hal_spi.o
 .ARM.attributes
                0x00000487       0x34 ./Drivers/STM32F4xx_HAL_Driver/Src/stm32f4xx_hal_sram.o
 .ARM.attributes
                0x000004bb       0x34 ./Drivers/STM32F4xx_HAL_Driver/Src/stm32f4xx_hal_tim.o
 .ARM.attributes
                0x000004ef       0x34 ./Drivers/STM32F4xx_HAL_Driver/Src/stm32f4xx_hal_tim_ex.o
 .ARM.attributes
                0x00000523       0x34 ./Drivers/STM32F4xx_HAL_Driver/Src/stm32f4xx_ll_fsmc.o
 .ARM.attributes
                0x00000557       0x34 /Applications/STM32CubeIDE.app/Contents/Eclipse/plugins/com.st.stm32cube.ide.mcu.externaltools.gnu-tools-for-stm32.12.3.rel1.macos64_1.0.100.202403111906/tools/bin/../lib/gcc/arm-none-eabi/12.3.1/../../../../arm-none-eabi/lib/thumb/v7e-m+fp/hard/libc_nano.a(libc_a-rand.o)
 .ARM.attributes
                0x0000058b       0x34 /Applications/STM32CubeIDE.app/Contents/Eclipse/plugins/com.st.stm32cube.ide.mcu.externaltools.gnu-tools-for-stm32.12.3.rel1.macos64_1.0.100.202403111906/tools/bin/../lib/gcc/arm-none-eabi/12.3.1/../../../../arm-none-eabi/lib/thumb/v7e-m+fp/hard/libc_nano.a(libc_a-findfp.o)
 .ARM.attributes
                0x000005bf       0x34 /Applications/STM32CubeIDE.app/Contents/Eclipse/plugins/com.st.stm32cube.ide.mcu.externaltools.gnu-tools-for-stm32.12.3.rel1.macos64_1.0.100.202403111906/tools/bin/../lib/gcc/arm-none-eabi/12.3.1/../../../../arm-none-eabi/lib/thumb/v7e-m+fp/hard/libc_nano.a(libc_a-fwalk.o)
 .ARM.attributes
                0x000005f3       0x34 /Applications/STM32CubeIDE.app/Contents/Eclipse/plugins/com.st.stm32cube.ide.mcu.externaltools.gnu-tools-for-stm32.12.3.rel1.macos64_1.0.100.202403111906/tools/bin/../lib/gcc/arm-none-eabi/12.3.1/../../../../arm-none-eabi/lib/thumb/v7e-m+fp/hard/libc_nano.a(libc_a-memset.o)
 .ARM.attributes
                0x00000627       0x34 /Applications/STM32CubeIDE.app/Contents/Eclipse/plugins/com.st.stm32cube.ide.mcu.externaltools.gnu-tools-for-stm32.12.3.rel1.macos64_1.0.100.202403111906/tools/bin/../lib/gcc/arm-none-eabi/12.3.1/../../../../arm-none-eabi/lib/thumb/v7e-m+fp/hard/libc_nano.a(libc_a-impure.o)
 .ARM.attributes
                0x0000065b       0x34 /Applications/STM32CubeIDE.app/Contents/Eclipse/plugins/com.st.stm32cube.ide.mcu.externaltools.gnu-tools-for-stm32.12.3.rel1.macos64_1.0.100.202403111906/tools/bin/../lib/gcc/arm-none-eabi/12.3.1/../../../../arm-none-eabi/lib/thumb/v7e-m+fp/hard/libc_nano.a(libc_a-errno.o)
 .ARM.attributes
                0x0000068f       0x34 /Applications/STM32CubeIDE.app/Contents/Eclipse/plugins/com.st.stm32cube.ide.mcu.externaltools.gnu-tools-for-stm32.12.3.rel1.macos64_1.0.100.202403111906/tools/bin/../lib/gcc/arm-none-eabi/12.3.1/../../../../arm-none-eabi/lib/thumb/v7e-m+fp/hard/libc_nano.a(libc_a-init.o)
 .ARM.attributes
                0x000006c3       0x34 /Applications/STM32CubeIDE.app/Contents/Eclipse/plugins/com.st.stm32cube.ide.mcu.externaltools.gnu-tools-for-stm32.12.3.rel1.macos64_1.0.100.202403111906/tools/bin/../lib/gcc/arm-none-eabi/12.3.1/../../../../arm-none-eabi/lib/thumb/v7e-m+fp/hard/libc_nano.a(libc_a-lock.o)
 .ARM.attributes
                0x000006f7       0x34 /Applications/STM32CubeIDE.app/Contents/Eclipse/plugins/com.st.stm32cube.ide.mcu.externaltools.gnu-tools-for-stm32.12.3.rel1.macos64_1.0.100.202403111906/tools/bin/../lib/gcc/arm-none-eabi/12.3.1/../../../../arm-none-eabi/lib/thumb/v7e-m+fp/hard/libc_nano.a(libc_a-assert.o)
 .ARM.attributes
                0x0000072b       0x34 /Applications/STM32CubeIDE.app/Contents/Eclipse/plugins/com.st.stm32cube.ide.mcu.externaltools.gnu-tools-for-stm32.12.3.rel1.macos64_1.0.100.202403111906/tools/bin/../lib/gcc/arm-none-eabi/12.3.1/../../../../arm-none-eabi/lib/thumb/v7e-m+fp/hard/libc_nano.a(libc_a-malloc.o)
 .ARM.attributes
                0x0000075f       0x34 /Applications/STM32CubeIDE.app/Contents/Eclipse/plugins/com.st.stm32cube.ide.mcu.externaltools.gnu-tools-for-stm32.12.3.rel1.macos64_1.0.100.202403111906/tools/bin/../lib/gcc/arm-none-eabi/12.3.1/../../../../arm-none-eabi/lib/thumb/v7e-m+fp/hard/libc_nano.a(libc_a-mallocr.o)
 .ARM.attributes
                0x00000793       0x34 /Applications/STM32CubeIDE.app/Contents/Eclipse/plugins/com.st.stm32cube.ide.mcu.externaltools.gnu-tools-for-stm32.12.3.rel1.macos64_1.0.100.202403111906/tools/bin/../lib/gcc/arm-none-eabi/12.3.1/../../../../arm-none-eabi/lib/thumb/v7e-m+fp/hard/libc_nano.a(libc_a-fflush.o)
 .ARM.attributes
                0x000007c7       0x34 /Applications/STM32CubeIDE.app/Contents/Eclipse/plugins/com.st.stm32cube.ide.mcu.externaltools.gnu-tools-for-stm32.12.3.rel1.macos64_1.0.100.202403111906/tools/bin/../lib/gcc/arm-none-eabi/12.3.1/../../../../arm-none-eabi/lib/thumb/v7e-m+fp/hard/libc_nano.a(libc_a-mlock.o)
 .ARM.attributes
                0x000007fb       0x34 /Applications/STM32CubeIDE.app/Contents/Eclipse/plugins/com.st.stm32cube.ide.mcu.externaltools.gnu-tools-for-stm32.12.3.rel1.macos64_1.0.100.202403111906/tools/bin/../lib/gcc/arm-none-eabi/12.3.1/../../../../arm-none-eabi/lib/thumb/v7e-m+fp/hard/libc_nano.a(libc_a-stdio.o)
 .ARM.attributes
                0x0000082f       0x34 /Applications/STM32CubeIDE.app/Contents/Eclipse/plugins/com.st.stm32cube.ide.mcu.externaltools.gnu-tools-for-stm32.12.3.rel1.macos64_1.0.100.202403111906/tools/bin/../lib/gcc/arm-none-eabi/12.3.1/../../../../arm-none-eabi/lib/thumb/v7e-m+fp/hard/libc_nano.a(libc_a-fprintf.o)
 .ARM.attributes
                0x00000863       0x34 /Applications/STM32CubeIDE.app/Contents/Eclipse/plugins/com.st.stm32cube.ide.mcu.externaltools.gnu-tools-for-stm32.12.3.rel1.macos64_1.0.100.202403111906/tools/bin/../lib/gcc/arm-none-eabi/12.3.1/../../../../arm-none-eabi/lib/thumb/v7e-m+fp/hard/libc_nano.a(libc_a-closer.o)
 .ARM.attributes
                0x00000897       0x34 /Applications/STM32CubeIDE.app/Contents/Eclipse/plugins/com.st.stm32cube.ide.mcu.externaltools.gnu-tools-for-stm32.12.3.rel1.macos64_1.0.100.202403111906/tools/bin/../lib/gcc/arm-none-eabi/12.3.1/../../../../arm-none-eabi/lib/thumb/v7e-m+fp/hard/libc_nano.a(libc_a-reent.o)
 .ARM.attributes
                0x000008cb       0x34 /Applications/STM32CubeIDE.app/Contents/Eclipse/plugins/com.st.stm32cube.ide.mcu.externaltools.gnu-tools-for-stm32.12.3.rel1.macos64_1.0.100.202403111906/tools/bin/../lib/gcc/arm-none-eabi/12.3.1/../../../../arm-none-eabi/lib/thumb/v7e-m+fp/hard/libc_nano.a(libc_a-lseekr.o)
 .ARM.attributes
                0x000008ff       0x34 /Applications/STM32CubeIDE.app/Contents/Eclipse/plugins/com.st.stm32cube.ide.mcu.externaltools.gnu-tools-for-stm32.12.3.rel1.macos64_1.0.100.202403111906/tools/bin/../lib/gcc/arm-none-eabi/12.3.1/../../../../arm-none-eabi/lib/thumb/v7e-m+fp/hard/libc_nano.a(libc_a-readr.o)
 .ARM.attributes
                0x00000933       0x34 /Applications/STM32CubeIDE.app/Contents/Eclipse/plugins/com.st.stm32cube.ide.mcu.externaltools.gnu-tools-for-stm32.12.3.rel1.macos64_1.0.100.202403111906/tools/bin/../lib/gcc/arm-none-eabi/12.3.1/../../../../arm-none-eabi/lib/thumb/v7e-m+fp/hard/libc_nano.a(libc_a-sbrkr.o)
 .ARM.attributes
                0x00000967       0x34 /Applications/STM32CubeIDE.app/Contents/Eclipse/plugins/com.st.stm32cube.ide.mcu.externaltools.gnu-tools-for-stm32.12.3.rel1.macos64_1.0.100.202403111906/tools/bin/../lib/gcc/arm-none-eabi/12.3.1/../../../../arm-none-eabi/lib/thumb/v7e-m+fp/hard/libc_nano.a(libc_a-writer.o)
 .ARM.attributes
                0x0000099b       0x34 /Applications/STM32CubeIDE.app/Contents/Eclipse/plugins/com.st.stm32cube.ide.mcu.externaltools.gnu-tools-for-stm32.12.3.rel1.macos64_1.0.100.202403111906/tools/bin/../lib/gcc/arm-none-eabi/12.3.1/../../../../arm-none-eabi/lib/thumb/v7e-m+fp/hard/libc_nano.a(libc_a-abort.o)
 .ARM.attributes
                0x000009cf       0x34 /Applications/STM32CubeIDE.app/Contents/Eclipse/plugins/com.st.stm32cube.ide.mcu.externaltools.gnu-tools-for-stm32.12.3.rel1.macos64_1.0.100.202403111906/tools/bin/../lib/gcc/arm-none-eabi/12.3.1/../../../../arm-none-eabi/lib/thumb/v7e-m+fp/hard/libc_nano.a(libc_a-freer.o)
 .ARM.attributes
                0x00000a03       0x34 /Applications/STM32CubeIDE.app/Contents/Eclipse/plugins/com.st.stm32cube.ide.mcu.externaltools.gnu-tools-for-stm32.12.3.rel1.macos64_1.0.100.202403111906/tools/bin/../lib/gcc/arm-none-eabi/12.3.1/../../../../arm-none-eabi/lib/thumb/v7e-m+fp/hard/libc_nano.a(libc_a-nano-vfprintf.o)
 .ARM.attributes
                0x00000a37       0x34 /Applications/STM32CubeIDE.app/Contents/Eclipse/plugins/com.st.stm32cube.ide.mcu.externaltools.gnu-tools-for-stm32.12.3.rel1.macos64_1.0.100.202403111906/tools/bin/../lib/gcc/arm-none-eabi/12.3.1/../../../../arm-none-eabi/lib/thumb/v7e-m+fp/hard/libc_nano.a(libc_a-nano-vfprintf_i.o)
 .ARM.attributes
                0x00000a6b       0x34 /Applications/STM32CubeIDE.app/Contents/Eclipse/plugins/com.st.stm32cube.ide.mcu.externaltools.gnu-tools-for-stm32.12.3.rel1.macos64_1.0.100.202403111906/tools/bin/../lib/gcc/arm-none-eabi/12.3.1/../../../../arm-none-eabi/lib/thumb/v7e-m+fp/hard/libc_nano.a(libc_a-wbuf.o)
 .ARM.attributes
                0x00000a9f       0x34 /Applications/STM32CubeIDE.app/Contents/Eclipse/plugins/com.st.stm32cube.ide.mcu.externaltools.gnu-tools-for-stm32.12.3.rel1.macos64_1.0.100.202403111906/tools/bin/../lib/gcc/arm-none-eabi/12.3.1/../../../../arm-none-eabi/lib/thumb/v7e-m+fp/hard/libc_nano.a(libc_a-wsetup.o)
 .ARM.attributes
                0x00000ad3       0x34 /Applications/STM32CubeIDE.app/Contents/Eclipse/plugins/com.st.stm32cube.ide.mcu.externaltools.gnu-tools-for-stm32.12.3.rel1.macos64_1.0.100.202403111906/tools/bin/../lib/gcc/arm-none-eabi/12.3.1/../../../../arm-none-eabi/lib/thumb/v7e-m+fp/hard/libc_nano.a(libc_a-makebuf.o)
 .ARM.attributes
                0x00000b07       0x34 /Applications/STM32CubeIDE.app/Contents/Eclipse/plugins/com.st.stm32cube.ide.mcu.externaltools.gnu-tools-for-stm32.12.3.rel1.macos64_1.0.100.202403111906/tools/bin/../lib/gcc/arm-none-eabi/12.3.1/../../../../arm-none-eabi/lib/thumb/v7e-m+fp/hard/libc_nano.a(libc_a-fstatr.o)
 .ARM.attributes
                0x00000b3b       0x34 /Applications/STM32CubeIDE.app/Contents/Eclipse/plugins/com.st.stm32cube.ide.mcu.externaltools.gnu-tools-for-stm32.12.3.rel1.macos64_1.0.100.202403111906/tools/bin/../lib/gcc/arm-none-eabi/12.3.1/../../../../arm-none-eabi/lib/thumb/v7e-m+fp/hard/libc_nano.a(libc_a-isattyr.o)
 .ARM.attributes
                0x00000b6f       0x34 /Applications/STM32CubeIDE.app/Contents/Eclipse/plugins/com.st.stm32cube.ide.mcu.externaltools.gnu-tools-for-stm32.12.3.rel1.macos64_1.0.100.202403111906/tools/bin/../lib/gcc/arm-none-eabi/12.3.1/../../../../arm-none-eabi/lib/thumb/v7e-m+fp/hard/libc_nano.a(libc_a-signal.o)
 .ARM.attributes
                0x00000ba3       0x34 /Applications/STM32CubeIDE.app/Contents/Eclipse/plugins/com.st.stm32cube.ide.mcu.externaltools.gnu-tools-for-stm32.12.3.rel1.macos64_1.0.100.202403111906/tools/bin/../lib/gcc/arm-none-eabi/12.3.1/../../../../arm-none-eabi/lib/thumb/v7e-m+fp/hard/libc_nano.a(libc_a-signalr.o)
 .ARM.attributes
                0x00000bd7       0x1c /Applications/STM32CubeIDE.app/Contents/Eclipse/plugins/com.st.stm32cube.ide.mcu.externaltools.gnu-tools-for-stm32.12.3.rel1.macos64_1.0.100.202403111906/tools/bin/../lib/gcc/arm-none-eabi/12.3.1/../../../../arm-none-eabi/lib/thumb/v7e-m+fp/hard/libc_nano.a(libc_a-memchr.o)
 .ARM.attributes
                0x00000bf3       0x22 /Applications/STM32CubeIDE.app/Contents/Eclipse/plugins/com.st.stm32cube.ide.mcu.externaltools.gnu-tools-for-stm32.12.3.rel1.macos64_1.0.100.202403111906/tools/bin/../lib/gcc/arm-none-eabi/12.3.1/thumb/v7e-m+fp/hard/libgcc.a(_aeabi_uldivmod.o)
 .ARM.attributes
                0x00000c15       0x34 /Applications/STM32CubeIDE.app/Contents/Eclipse/plugins/com.st.stm32cube.ide.mcu.externaltools.gnu-tools-for-stm32.12.3.rel1.macos64_1.0.100.202403111906/tools/bin/../lib/gcc/arm-none-eabi/12.3.1/thumb/v7e-m+fp/hard/libgcc.a(_udivmoddi4.o)
 .ARM.attributes
                0x00000c49       0x22 /Applications/STM32CubeIDE.app/Contents/Eclipse/plugins/com.st.stm32cube.ide.mcu.externaltools.gnu-tools-for-stm32.12.3.rel1.macos64_1.0.100.202403111906/tools/bin/../lib/gcc/arm-none-eabi/12.3.1/thumb/v7e-m+fp/hard/libgcc.a(_dvmd_tls.o)
 .ARM.attributes
                0x00000c6b       0x22 /Applications/STM32CubeIDE.app/Contents/Eclipse/plugins/com.st.stm32cube.ide.mcu.externaltools.gnu-tools-for-stm32.12.3.rel1.macos64_1.0.100.202403111906/tools/bin/../lib/gcc/arm-none-eabi/12.3.1/thumb/v7e-m+fp/hard/crtn.o
OUTPUT(Assignment1.elf elf32-littlearm)
LOAD linker stubs
LOAD /Applications/STM32CubeIDE.app/Contents/Eclipse/plugins/com.st.stm32cube.ide.mcu.externaltools.gnu-tools-for-stm32.12.3.rel1.macos64_1.0.100.202403111906/tools/bin/../lib/gcc/arm-none-eabi/12.3.1/../../../../arm-none-eabi/lib/thumb/v7e-m+fp/hard/libc.a
LOAD /Applications/STM32CubeIDE.app/Contents/Eclipse/plugins/com.st.stm32cube.ide.mcu.externaltools.gnu-tools-for-stm32.12.3.rel1.macos64_1.0.100.202403111906/tools/bin/../lib/gcc/arm-none-eabi/12.3.1/../../../../arm-none-eabi/lib/thumb/v7e-m+fp/hard/libm.a
LOAD /Applications/STM32CubeIDE.app/Contents/Eclipse/plugins/com.st.stm32cube.ide.mcu.externaltools.gnu-tools-for-stm32.12.3.rel1.macos64_1.0.100.202403111906/tools/bin/../lib/gcc/arm-none-eabi/12.3.1/thumb/v7e-m+fp/hard/libgcc.a

.debug_info     0x00000000     0xf85c
 .debug_info    0x00000000      0x76c ./Core/Src/button.o
 .debug_info    0x0000076c      0x99a ./Core/Src/fsmc.o
 .debug_info    0x00001106      0x45d ./Core/Src/gpio.o
 .debug_info    0x00001563      0xc29 ./Core/Src/lcd.o
 .debug_info    0x0000218c      0x803 ./Core/Src/led_7seg.o
 .debug_info    0x0000298f      0x56d ./Core/Src/main.o
 .debug_info    0x00002efc      0x6a9 ./Core/Src/pacman.o
 .debug_info    0x000035a5      0x7af ./Core/Src/software_timer.o
 .debug_info    0x00003d54      0x943 ./Core/Src/spi.o
 .debug_info    0x00004697      0x269 ./Core/Src/stm32f4xx_hal_msp.o
 .debug_info    0x00004900      0x6f9 ./Core/Src/stm32f4xx_it.o
 .debug_info    0x00004ff9      0x6a3 ./Core/Src/syscalls.o
 .debug_info    0x0000569c      0x168 ./Core/Src/sysmem.o
 .debug_info    0x00005804      0x512 ./Core/Src/system_stm32f4xx.o
 .debug_info    0x00005d16      0xc58 ./Core/Src/tim.o
 .debug_info    0x0000696e       0x30 ./Core/Startup/startup_stm32f407zetx.o
 .debug_info    0x0000699e      0x948 ./Drivers/STM32F4xx_HAL_Driver/Src/stm32f4xx_hal.o
 .debug_info    0x000072e6      0xd46 ./Drivers/STM32F4xx_HAL_Driver/Src/stm32f4xx_hal_cortex.o
 .debug_info    0x0000802c      0x6c3 ./Drivers/STM32F4xx_HAL_Driver/Src/stm32f4xx_hal_gpio.o
 .debug_info    0x000086ef      0x8b1 ./Drivers/STM32F4xx_HAL_Driver/Src/stm32f4xx_hal_rcc.o
 .debug_info    0x00008fa0     0x15fb ./Drivers/STM32F4xx_HAL_Driver/Src/stm32f4xx_hal_spi.o
 .debug_info    0x0000a59b      0xb3e ./Drivers/STM32F4xx_HAL_Driver/Src/stm32f4xx_hal_sram.o
 .debug_info    0x0000b0d9     0x2949 ./Drivers/STM32F4xx_HAL_Driver/Src/stm32f4xx_hal_tim.o
 .debug_info    0x0000da22     0x14ae ./Drivers/STM32F4xx_HAL_Driver/Src/stm32f4xx_hal_tim_ex.o
 .debug_info    0x0000eed0      0x98c ./Drivers/STM32F4xx_HAL_Driver/Src/stm32f4xx_ll_fsmc.o

.debug_abbrev   0x00000000     0x2fd4
 .debug_abbrev  0x00000000      0x1c8 ./Core/Src/button.o
 .debug_abbrev  0x000001c8      0x215 ./Core/Src/fsmc.o
 .debug_abbrev  0x000003dd      0x152 ./Core/Src/gpio.o
 .debug_abbrev  0x0000052f      0x328 ./Core/Src/lcd.o
 .debug_abbrev  0x00000857      0x1ca ./Core/Src/led_7seg.o
 .debug_abbrev  0x00000a21      0x232 ./Core/Src/main.o
 .debug_abbrev  0x00000c53      0x28e ./Core/Src/pacman.o
 .debug_abbrev  0x00000ee1      0x200 ./Core/Src/software_timer.o
 .debug_abbrev  0x000010e1      0x1f3 ./Core/Src/spi.o
 .debug_abbrev  0x000012d4       0xd8 ./Core/Src/stm32f4xx_hal_msp.o
 .debug_abbrev  0x000013ac      0x194 ./Core/Src/stm32f4xx_it.o
 .debug_abbrev  0x00001540      0x1b6 ./Core/Src/syscalls.o
 .debug_abbrev  0x000016f6       0xbc ./Core/Src/sysmem.o
 .debug_abbrev  0x000017b2      0x11a ./Core/Src/system_stm32f4xx.o
 .debug_abbrev  0x000018cc      0x1ff ./Core/Src/tim.o
 .debug_abbrev  0x00001acb       0x24 ./Core/Startup/startup_stm32f407zetx.o
 .debug_abbrev  0x00001aef      0x213 ./Drivers/STM32F4xx_HAL_Driver/Src/stm32f4xx_hal.o
 .debug_abbrev  0x00001d02      0x327 ./Drivers/STM32F4xx_HAL_Driver/Src/stm32f4xx_hal_cortex.o
 .debug_abbrev  0x00002029      0x1d4 ./Drivers/STM32F4xx_HAL_Driver/Src/stm32f4xx_hal_gpio.o
 .debug_abbrev  0x000021fd      0x2b6 ./Drivers/STM32F4xx_HAL_Driver/Src/stm32f4xx_hal_rcc.o
 .debug_abbrev  0x000024b3      0x284 ./Drivers/STM32F4xx_HAL_Driver/Src/stm32f4xx_hal_spi.o
 .debug_abbrev  0x00002737      0x208 ./Drivers/STM32F4xx_HAL_Driver/Src/stm32f4xx_hal_sram.o
 .debug_abbrev  0x0000293f      0x271 ./Drivers/STM32F4xx_HAL_Driver/Src/stm32f4xx_hal_tim.o
 .debug_abbrev  0x00002bb0      0x27c ./Drivers/STM32F4xx_HAL_Driver/Src/stm32f4xx_hal_tim_ex.o
 .debug_abbrev  0x00002e2c      0x1a8 ./Drivers/STM32F4xx_HAL_Driver/Src/stm32f4xx_ll_fsmc.o

.debug_aranges  0x00000000     0x1010
 .debug_aranges
                0x00000000       0x28 ./Core/Src/button.o
 .debug_aranges
                0x00000028       0x40 ./Core/Src/fsmc.o
 .debug_aranges
                0x00000068       0x20 ./Core/Src/gpio.o
 .debug_aranges
                0x00000088       0xd8 ./Core/Src/lcd.o
 .debug_aranges
                0x00000160       0x48 ./Core/Src/led_7seg.o
 .debug_aranges
                0x000001a8       0x38 ./Core/Src/main.o
 .debug_aranges
                0x000001e0       0xa8 ./Core/Src/pacman.o
 .debug_aranges
                0x00000288       0x40 ./Core/Src/software_timer.o
 .debug_aranges
                0x000002c8       0x30 ./Core/Src/spi.o
 .debug_aranges
                0x000002f8       0x20 ./Core/Src/stm32f4xx_hal_msp.o
 .debug_aranges
                0x00000318       0x70 ./Core/Src/stm32f4xx_it.o
 .debug_aranges
                0x00000388       0xa8 ./Core/Src/syscalls.o
 .debug_aranges
                0x00000430       0x20 ./Core/Src/sysmem.o
 .debug_aranges
                0x00000450       0x28 ./Core/Src/system_stm32f4xx.o
 .debug_aranges
                0x00000478       0x38 ./Core/Src/tim.o
 .debug_aranges
                0x000004b0       0x28 ./Core/Startup/startup_stm32f407zetx.o
 .debug_aranges
                0x000004d8       0xf0 ./Drivers/STM32F4xx_HAL_Driver/Src/stm32f4xx_hal.o
 .debug_aranges
                0x000005c8      0x118 ./Drivers/STM32F4xx_HAL_Driver/Src/stm32f4xx_hal_cortex.o
 .debug_aranges
                0x000006e0       0x58 ./Drivers/STM32F4xx_HAL_Driver/Src/stm32f4xx_hal_gpio.o
 .debug_aranges
                0x00000738       0x88 ./Drivers/STM32F4xx_HAL_Driver/Src/stm32f4xx_hal_rcc.o
 .debug_aranges
                0x000007c0      0x1d0 ./Drivers/STM32F4xx_HAL_Driver/Src/stm32f4xx_hal_spi.o
 .debug_aranges
                0x00000990       0xa0 ./Drivers/STM32F4xx_HAL_Driver/Src/stm32f4xx_hal_sram.o
 .debug_aranges
                0x00000a30      0x3d0 ./Drivers/STM32F4xx_HAL_Driver/Src/stm32f4xx_hal_tim.o
 .debug_aranges
                0x00000e00      0x168 ./Drivers/STM32F4xx_HAL_Driver/Src/stm32f4xx_hal_tim_ex.o
 .debug_aranges
                0x00000f68       0xa8 ./Drivers/STM32F4xx_HAL_Driver/Src/stm32f4xx_ll_fsmc.o

.debug_rnglists
                0x00000000      0xc32
 .debug_rnglists
                0x00000000       0x1a ./Core/Src/button.o
 .debug_rnglists
                0x0000001a       0x2d ./Core/Src/fsmc.o
 .debug_rnglists
                0x00000047       0x14 ./Core/Src/gpio.o
 .debug_rnglists
                0x0000005b       0xa8 ./Core/Src/lcd.o
 .debug_rnglists
                0x00000103       0x32 ./Core/Src/led_7seg.o
 .debug_rnglists
                0x00000135       0x26 ./Core/Src/main.o
 .debug_rnglists
                0x0000015b       0x7f ./Core/Src/pacman.o
 .debug_rnglists
                0x000001da       0x2c ./Core/Src/software_timer.o
 .debug_rnglists
                0x00000206       0x20 ./Core/Src/spi.o
 .debug_rnglists
                0x00000226       0x13 ./Core/Src/stm32f4xx_hal_msp.o
 .debug_rnglists
                0x00000239       0x4f ./Core/Src/stm32f4xx_it.o
 .debug_rnglists
                0x00000288       0x79 ./Core/Src/syscalls.o
 .debug_rnglists
                0x00000301       0x13 ./Core/Src/sysmem.o
 .debug_rnglists
                0x00000314       0x1a ./Core/Src/system_stm32f4xx.o
 .debug_rnglists
                0x0000032e       0x28 ./Core/Src/tim.o
 .debug_rnglists
                0x00000356       0x19 ./Core/Startup/startup_stm32f407zetx.o
 .debug_rnglists
                0x0000036f       0xaf ./Drivers/STM32F4xx_HAL_Driver/Src/stm32f4xx_hal.o
 .debug_rnglists
                0x0000041e       0xce ./Drivers/STM32F4xx_HAL_Driver/Src/stm32f4xx_hal_cortex.o
 .debug_rnglists
                0x000004ec       0x3f ./Drivers/STM32F4xx_HAL_Driver/Src/stm32f4xx_hal_gpio.o
 .debug_rnglists
                0x0000052b       0x66 ./Drivers/STM32F4xx_HAL_Driver/Src/stm32f4xx_hal_rcc.o
 .debug_rnglists
                0x00000591      0x16f ./Drivers/STM32F4xx_HAL_Driver/Src/stm32f4xx_hal_spi.o
 .debug_rnglists
                0x00000700       0x76 ./Drivers/STM32F4xx_HAL_Driver/Src/stm32f4xx_hal_sram.o
 .debug_rnglists
                0x00000776      0x31a ./Drivers/STM32F4xx_HAL_Driver/Src/stm32f4xx_hal_tim.o
 .debug_rnglists
                0x00000a90      0x125 ./Drivers/STM32F4xx_HAL_Driver/Src/stm32f4xx_hal_tim_ex.o
 .debug_rnglists
                0x00000bb5       0x7d ./Drivers/STM32F4xx_HAL_Driver/Src/stm32f4xx_ll_fsmc.o

.debug_macro    0x00000000    0x23cc9
 .debug_macro   0x00000000      0x216 ./Core/Src/button.o
 .debug_macro   0x00000216      0xab4 ./Core/Src/button.o
 .debug_macro   0x00000cca       0x22 ./Core/Src/button.o
 .debug_macro   0x00000cec       0x8e ./Core/Src/button.o
 .debug_macro   0x00000d7a       0x51 ./Core/Src/button.o
 .debug_macro   0x00000dcb      0x103 ./Core/Src/button.o
 .debug_macro   0x00000ece       0x6a ./Core/Src/button.o
 .debug_macro   0x00000f38      0x1df ./Core/Src/button.o
 .debug_macro   0x00001117      0x2a1 ./Core/Src/button.o
 .debug_macro   0x000013b8       0x2e ./Core/Src/button.o
 .debug_macro   0x000013e6       0x2f ./Core/Src/button.o
 .debug_macro   0x00001415       0x1c ./Core/Src/button.o
 .debug_macro   0x00001431       0x22 ./Core/Src/button.o
 .debug_macro   0x00001453       0xd9 ./Core/Src/button.o
 .debug_macro   0x0000152c     0x102d ./Core/Src/button.o
 .debug_macro   0x00002559      0x11f ./Core/Src/button.o
 .debug_macro   0x00002678    0x15e58 ./Core/Src/button.o
 .debug_macro   0x000184d0       0x6d ./Core/Src/button.o
 .debug_macro   0x0001853d     0x3666 ./Core/Src/button.o
 .debug_macro   0x0001bba3      0x189 ./Core/Src/button.o
 .debug_macro   0x0001bd2c       0x5c ./Core/Src/button.o
 .debug_macro   0x0001bd88      0x96b ./Core/Src/button.o
 .debug_macro   0x0001c6f3      0x9fe ./Core/Src/button.o
 .debug_macro   0x0001d0f1      0x116 ./Core/Src/button.o
 .debug_macro   0x0001d207      0x13e ./Core/Src/button.o
 .debug_macro   0x0001d345       0xa5 ./Core/Src/button.o
 .debug_macro   0x0001d3ea      0x174 ./Core/Src/button.o
 .debug_macro   0x0001d55e      0x287 ./Core/Src/button.o
 .debug_macro   0x0001d7e5       0x5f ./Core/Src/button.o
 .debug_macro   0x0001d844      0x236 ./Core/Src/button.o
 .debug_macro   0x0001da7a      0x12c ./Core/Src/button.o
 .debug_macro   0x0001dba6      0x21e ./Core/Src/button.o
 .debug_macro   0x0001ddc4       0x2e ./Core/Src/button.o
 .debug_macro   0x0001ddf2      0x543 ./Core/Src/button.o
 .debug_macro   0x0001e335      0x11a ./Core/Src/button.o